MPASM  5.50                          MAIN.ASM   7-26-2023  19:32:28         PAGE  1


LOC  OBJECT CODE     LINE SOURCE TEXT
  VALUE

                      00001 
Warning[205]: Found directive in column 1. (PROCESSOR)
                      00002 PROCESSOR 16F877A
Warning[205]: Found directive in column 1. (INCLUDE)
                      00003 INCLUDE "p16f877a.inc"
                      00001         LIST
                      00002 
                      00003 ;==========================================================================
                      00004 ;  MPASM PIC16F877A processor include
                      00005 ; 
                      00006 ;  (c) Copyright 1999-2013 Microchip Technology, All rights reserved
                      00007 ;==========================================================================
                      00008 
                      00566         LIST
                      00004 
                      00005 
Warning[205]: Found directive in column 1. (__CONFIG)
2007   3731           00006 __CONFIG 0x3731 ;
                      00007 ; ---------------------------------------------------
                      00008 ; -----------           Data Area                         -----------
                      00009 ; ---------------------------------------------------
  00000020            00010 R1_LSB EQU 0x20       ; Define the memory location for R1's Least Significant Byte
  00000021            00011 R1_MSB EQU 0x21       ; Define the memory location for R1's Most Significant Byte
  00000022            00012 R2_LSB EQU 0x22       ; Define the memory location for R2's Least Significant Byte
  00000023            00013 R2_MSB EQU 0x23       ; Define the memory location for R2's Most Significant Byte
  00000024            00014 TEMP_LSB EQU 0x24     ; Define the memory location for temporary storage (Least Significant Byte)
  00000025            00015 TEMP_MSB EQU 0x25     ; Define the memory location for temporary storage (Most Significant Byte)
  00000026            00016 RESULT_LSB EQU 0x26   ; Define the memory location for the result (Least Significant Byte)
  00000027            00017 RESULT_MSB EQU 0x27   ; Define the memory location for the result (Most Significant Byte)
  00000029            00018 C1 EQU 0x29
  0000002A            00019 C2 EQU 0x2A
  0000002B            00020 C3 EQU 0x2B
  0000002C            00021 C4 EQU 0x2C
  0000002D            00022 C5 EQU 0x2D
  00000034            00023 CURSOR EQU 0x34
  00000070            00024 Timer1  EQU     70              
  00000071            00025 TimerX  EQU     71      
  00000035            00026 BCDvalH EQU 0x35
  00000036            00027 BCDvalM EQU 0x36
  00000037            00028 BCDvalL EQU 0x37
  00000038            00029 MCount  EQU 0x38
  0000003E            00030 NUMHI EQU 0x3E
  0000003F            00031 NUMLO EQU 0x3F
  0000003B            00032 TIMER_INDEX EQU 0x3B
  0000003C            00033 Temp EQU 0x3C
  0000002E            00034 NEXT_STATE EQU 0x2E
  0000002F            00035 OPERATION EQU 0x2F
  0000003D            00036 IS_VISITED EQU 0x3D
  00000005            00037 E EQU 5
  00000004            00038 RS EQU 4
  00000028            00039 TEMP_W EQU 0x28       ; Define the memory location for unused temporary storage (not used in this code)
                      00040 ; ---------------------------------------------------
                      00041 ; -----------                   Code Area                 -----------
MPASM  5.50                          MAIN.ASM   7-26-2023  19:32:28         PAGE  2


LOC  OBJECT CODE     LINE SOURCE TEXT
  VALUE

                      00042 ; ---------------------------------------------------
                      00043 
Warning[205]: Found directive in column 1. (ORG)
                      00044 ORG 0x00              ; Set the program counter to address 0x00 (start of program)
Warning[203]: Found opcode in column 1. (NOP)
0000   0000           00045 NOP                   ; No operation (dummy instruction)
0001   2???           00046         GOTO INIT             ; Jump to the initialization code
                      00047 
Warning[205]: Found directive in column 1. (ORG)
                      00048 ORG 0x04              ; Set the program counter to address 0x04 (interrupt service routine)
0004   0000           00049         NOP
                      00050 
0005   1C8B           00051         BTFSS   INTCON, INTF    ; based on INTCON INTF Bit
0006   2???           00052         GOTO    TIMER_INTERUPT
0007   2???           00053         GOTO    BUTTON_INTERUPT
                      00054 
                      00055 
0008                  00056 TIMER_INTERUPT:
0008   1283 1303      00057         BANKSEL INTCON
000A   138B           00058         BCF INTCON, GIE
000B   1283 1303      00059         BANKSEL PORTA
Message[305]: Using default destination of 1 (file).
000D   0BBB           00060         DECFSZ  TIMER_INDEX
000E   2???           00061         GOTO    SKIP
000F                  00062 INCREMENT_DISPLAY:
Message[305]: Using default destination of 1 (file).
000F   0AB4           00063         INCF CURSOR
0010   0834           00064         MOVF CURSOR, 0
0011   3CCB           00065         SUBLW 0xCB
0012   1903           00066         BTFSC STATUS, Z
0013   2???           00067         GOTO DISPLAY_RESULT
0014   0834           00068         MOVF CURSOR, 0
0015   3CC5           00069         SUBLW 0xC5
0016   1903           00070         BTFSC STATUS, Z
0017   2???           00071         CALL SAVE_NUMBER_1
0018   0834           00072         MOVF CURSOR, 0
0019   2???           00073         CALL SEND_LCD_COMMAND
001A   301E           00074         MOVLW D'30'
001B   00BB           00075         MOVWF TIMER_INDEX
001C                  00076 SKIP:
001C   1283 1303      00077         BANKSEL TMR0
001E   0181           00078         CLRF TMR0
001F   1283 1303      00079         BANKSEL INTCON
0021   110B           00080         BCF INTCON, T0IF ; Clear the TMR0 ov flag
0022   178B           00081         BSF INTCON, GIE ; ENABLE GLOBAL INTERUPTS
0023   1283 1303      00082         BANKSEL PORTA
0025   0009           00083     RETFIE
                      00084 
0026                  00085 DISPLAY_RESULT:
0026   2???           00086         CALL SAVE_NUMBER_2
0027   082F           00087         MOVF OPERATION, 0
0028   3C2B           00088         SUBLW '+'
0029   1903           00089         BTFSC STATUS, Z
MPASM  5.50                          MAIN.ASM   7-26-2023  19:32:28         PAGE  3


LOC  OBJECT CODE     LINE SOURCE TEXT
  VALUE

002A   2???           00090         GOTO ADDITION
002B   082F           00091         MOVF OPERATION, 0
002C   3C2F           00092         SUBLW '/'
002D   1903           00093         BTFSC STATUS, Z
002E   2???           00094         GOTO DIVISION
002F   082F           00095         MOVF OPERATION, 0
0030   3C25           00096         SUBLW '%'
0031   1903           00097         BTFSC STATUS, Z
0032   2???           00098         GOTO MODULO
0033   2???           00099         GOTO SKIP
0034                  00100 ADDITION:
0034   1003           00101         BCF STATUS, C
0035   1103           00102         BCF STATUS, Z
0036   2???           00103         CALL ADD
0037   2???           00104         CALL HexBCD
0038   2???           00105         GOTO DISPLAY_RESULT_END
0039                  00106 DIVISION:
0039   1003           00107         BCF STATUS, C
003A   1103           00108         BCF STATUS, Z
003B   2???           00109         CALL DIVIDE
003C   2???           00110         CALL HexBCD
003D   2???           00111         GOTO DISPLAY_RESULT_END
003E                  00112 MODULO:
003E   1003           00113         BCF STATUS, C
003F   1103           00114         BCF STATUS, Z
0040   2???           00115         CALL MOD
0041   2???           00116         CALL HexBCD
0042   2???           00117         GOTO DISPLAY_RESULT_END
0043                  00118 DISPLAY_RESULT_END:
0043   3080           00119         MOVLW 0x80
0044   00B4           00120         MOVWF CURSOR
0045   2???           00121         CALL SEND_LCD_COMMAND
0046   3001           00122         MOVLW 0x01
0047   2???           00123         CALL SEND_LCD_COMMAND
0048   3052           00124         MOVLW 'R'
0049   2???           00125         CALL SEND_LCD_DATA
004A   3045           00126         MOVLW 'E'
004B   2???           00127         CALL SEND_LCD_DATA
004C   3053           00128         MOVLW 'S'
004D   2???           00129         CALL SEND_LCD_DATA
004E   3055           00130         MOVLW 'U'
004F   2???           00131         CALL SEND_LCD_DATA
0050   304C           00132         MOVLW 'L'
0051   2???           00133         CALL SEND_LCD_DATA
0052   3054           00134         MOVLW 'T'
0053   2???           00135         CALL SEND_LCD_DATA
0054   30C0           00136         MOVLW 0xC0
0055   2???           00137         CALL SEND_LCD_COMMAND
0056   303D           00138         MOVLW '='
0057   2???           00139         CALL SEND_LCD_DATA
0058   0EB5           00140         SWAPF BCDvalH, 1
0059   0835           00141         MOVF BCDvalH, 0
005A   390F           00142         ANDLW 0x0F
MPASM  5.50                          MAIN.ASM   7-26-2023  19:32:28         PAGE  4


LOC  OBJECT CODE     LINE SOURCE TEXT
  VALUE

005B   3E30           00143         ADDLW '0'
005C   2???           00144         CALL SEND_LCD_DATA
005D   0EB5           00145         SWAPF BCDvalH, 1
005E   0835           00146         MOVF BCDvalH, 0
005F   390F           00147         ANDLW 0x0F
0060   3E30           00148         ADDLW '0'
0061   2???           00149         CALL SEND_LCD_DATA
0062   0EB6           00150         SWAPF BCDvalM, 1
0063   0836           00151         MOVF BCDvalM, 0
0064   390F           00152         ANDLW 0x0F
0065   3E30           00153         ADDLW '0'
0066   2???           00154         CALL SEND_LCD_DATA
0067   0EB6           00155         SWAPF BCDvalM, 1
0068   0836           00156         MOVF BCDvalM, 0
0069   390F           00157         ANDLW 0x0F
006A   3E30           00158         ADDLW '0'
006B   2???           00159         CALL SEND_LCD_DATA
006C   0EB7           00160         SWAPF BCDvalL, 1
006D   0837           00161         MOVF BCDvalL, 0
006E   390F           00162         ANDLW 0x0F
006F   3E30           00163         ADDLW '0'
0070   2???           00164         CALL SEND_LCD_DATA
0071   0EB7           00165         SWAPF BCDvalL, 1
0072   0837           00166         MOVF BCDvalL, 0
0073   390F           00167         ANDLW 0x0F
0074   3E30           00168         ADDLW '0'
0075   2???           00169         CALL SEND_LCD_DATA
0076   2???           00170         GOTO SKIP
                      00171         
0077                  00172 BUTTON_INTERUPT:
0077   2???           00173         CALL RESET_TIMER
0078   1283 1303      00174         BANKSEL INTCON
007A   108B           00175         BCF INTCON, INTF
007B   120B           00176         BCF INTCON, INTE
007C   0834           00177         MOVF CURSOR, 0
007D   3CC5           00178         SUBLW 0xC5
007E   1903           00179         BTFSC STATUS, Z
007F   2???           00180         GOTO CHANGE_OPERATION
0080   2???           00181         GOTO NUMBERS_IN
                      00182 
0081                  00183 SAVE_NUMBER_1:
0081   3030           00184         MOVLW '0'
0082   02A9           00185         SUBWF C1, 1
0083   3030           00186         MOVLW '0'
0084   02AA           00187         SUBWF C2, 1
0085   3030           00188         MOVLW '0'
0086   02AB           00189         SUBWF C3, 1
0087   3030           00190         MOVLW '0'
0088   02AC           00191         SUBWF C4, 1
0089   3030           00192         MOVLW '0'
008A   02AD           00193         SUBWF C5, 1
008B   2???           00194         CALL dec2bin16
008C   083E           00195         MOVF NUMHI, 0
MPASM  5.50                          MAIN.ASM   7-26-2023  19:32:28         PAGE  5


LOC  OBJECT CODE     LINE SOURCE TEXT
  VALUE

008D   00A1           00196         MOVWF R1_MSB
008E   083F           00197         MOVF NUMLO, 0
008F   00A0           00198         MOVWF R1_LSB
0090   3030           00199         MOVLW '0'
0091   00A9           00200         MOVWF C1
0092   00AA           00201         MOVWF C2
0093   00AB           00202         MOVWF C3
0094   00AC           00203         MOVWF C4
0095   00AD           00204         MOVWF C5
0096   0008           00205         RETURN
0097                  00206 SAVE_NUMBER_2:
0097   3030           00207         MOVLW '0'
0098   02A9           00208         SUBWF C1, 1
0099   3030           00209         MOVLW '0'
009A   02AA           00210         SUBWF C2, 1
009B   3030           00211         MOVLW '0'
009C   02AB           00212         SUBWF C3, 1
009D   3030           00213         MOVLW '0'
009E   02AC           00214         SUBWF C4, 1
009F   3030           00215         MOVLW '0'
00A0   02AD           00216         SUBWF C5, 1
                      00217 
00A1   2???           00218         CALL dec2bin16
00A2   083E           00219         MOVF NUMHI, 0
00A3   00A3           00220         MOVWF R2_MSB
00A4   083F           00221         MOVF NUMLO, 0
00A5   00A2           00222         MOVWF R2_LSB
00A6   3030           00223         MOVLW '0'
00A7   00A9           00224         MOVWF C1
00A8   00AA           00225         MOVWF C2
00A9   00AB           00226         MOVWF C3
00AA   00AC           00227         MOVWF C4
00AB   00AD           00228         MOVWF C5
00AC   0008           00229         RETURN
00AD                  00230 CHANGE_OPERATION:
00AD   082F           00231         MOVF OPERATION, 0
00AE   3C2B           00232         SUBLW '+'
00AF   1903           00233         BTFSC STATUS, Z
00B0   2???           00234         goto plus_digit
00B1   082F           00235         MOVF OPERATION, 0
00B2   3C2F           00236         SUBLW '/'
00B3   1903           00237         BTFSC STATUS, Z
00B4   2???           00238         goto div_digit
00B5   082F           00239         MOVF OPERATION, 0
00B6   3C25           00240         SUBLW '%'
00B7   1903           00241         BTFSC STATUS, Z
00B8   2???           00242         goto mod_digit
00B9                  00243 plus_digit:
00B9   302F           00244         MOVLW '/'
00BA   00AF           00245         MOVWF OPERATION
00BB   2???           00246         CALL SEND_LCD_DATA
00BC   0834           00247         MOVF CURSOR, 0
00BD   2???           00248         CALL SEND_LCD_COMMAND
MPASM  5.50                          MAIN.ASM   7-26-2023  19:32:28         PAGE  6


LOC  OBJECT CODE     LINE SOURCE TEXT
  VALUE

00BE   2???           00249         goto INTERUPT_END
00BF                  00250 mod_digit:
00BF   302B           00251         MOVLW '+'
00C0   00AF           00252         MOVWF OPERATION
00C1   2???           00253         CALL SEND_LCD_DATA
00C2   0834           00254         MOVF CURSOR, 0
00C3   2???           00255         CALL SEND_LCD_COMMAND
00C4   2???           00256         goto INTERUPT_END
00C5                  00257 div_digit:
00C5   3025           00258         MOVLW '%'
00C6   00AF           00259         MOVWF OPERATION
00C7   2???           00260         CALL SEND_LCD_DATA
00C8   0834           00261         MOVF CURSOR, 0
00C9   2???           00262         CALL SEND_LCD_COMMAND
00CA   2???           00263         goto INTERUPT_END 
                      00264         
                      00265         
00CB                  00266 NUMBERS_IN:
00CB   0834           00267         MOVF CURSOR, 0
00CC   3CC5           00268         SUBLW 0xC5
00CD   1C03           00269         BTFSS STATUS, 0 
00CE   2???           00270         GOTO NUMBERS_IN_2
00CF   0834           00271         MOVF CURSOR, 0
00D0   3CC0           00272         SUBLW 0xC0
00D1   1903           00273         BTFSC STATUS, Z
00D2   2???           00274         GOTO INC_C1
00D3   0834           00275         MOVF CURSOR, 0
00D4   3CC1           00276         SUBLW 0xC1
00D5   1903           00277         BTFSC STATUS, Z
00D6   2???           00278         GOTO INC_C2
00D7   0834           00279         MOVF CURSOR, 0
00D8   3CC2           00280         SUBLW 0xC2
00D9   1903           00281         BTFSC STATUS, Z
00DA   2???           00282         GOTO INC_C3
00DB   0834           00283         MOVF CURSOR, 0
00DC   3CC3           00284         SUBLW 0xC3
00DD   1903           00285         BTFSC STATUS, Z
00DE   2???           00286         GOTO INC_C4
00DF   0834           00287         MOVF CURSOR, 0
00E0   3CC4           00288         SUBLW 0xC4
00E1   1903           00289         BTFSC STATUS, Z
00E2   2???           00290         GOTO INC_C5
00E3                  00291 NUMBERS_IN_2:
00E3   0834           00292         MOVF CURSOR, 0
00E4   3CC6           00293         SUBLW 0xC6
00E5   1903           00294         BTFSC STATUS, Z
00E6   2???           00295         GOTO INC_C1
00E7   0834           00296         MOVF CURSOR, 0
00E8   3CC7           00297         SUBLW 0xC7
00E9   1903           00298         BTFSC STATUS, Z
00EA   2???           00299         GOTO INC_C2
00EB   0834           00300         MOVF CURSOR, 0
00EC   3CC8           00301         SUBLW 0xC8
MPASM  5.50                          MAIN.ASM   7-26-2023  19:32:28         PAGE  7


LOC  OBJECT CODE     LINE SOURCE TEXT
  VALUE

00ED   1903           00302         BTFSC STATUS, Z
00EE   2???           00303         GOTO INC_C3
00EF   0834           00304         MOVF CURSOR, 0
00F0   3CC9           00305         SUBLW 0xC9
00F1   1903           00306         BTFSC STATUS, Z
00F2   2???           00307         GOTO INC_C4
00F3   0834           00308         MOVF CURSOR, 0
00F4   3CCA           00309         SUBLW 0xCA
00F5   1903           00310         BTFSC STATUS, Z
00F6   2???           00311         GOTO INC_C5
00F7                  00312 INC_C1:
Message[305]: Using default destination of 1 (file).
00F7   0AA9           00313         INCF C1                         ; INCREMENT THE DIGIT
00F8   0829           00314         MOVF C1, 0                      ; LOAD IT TO W
00F9   3C37           00315         SUBLW '7'                       ; CHECK IF IT HAS EXCEEDED '7'
00FA   1903           00316         BTFSC STATUS, Z         ; IF IT HAS RESET THE COUNTER
00FB   2???           00317         CALL RESET_COUNTER_C1
00FC   0829           00318         MOVF C1, 0                      ; MOVE THE NEW COUNTER VALUE TO W
00FD   2???           00319         call SEND_LCD_DATA      
00FE   0834           00320         MOVF CURSOR, 0  
00FF   2???           00321         call SEND_LCD_COMMAND
0100   2???           00322         goto INTERUPT_END
0101                  00323 INC_C2:
0101   0829           00324         MOVF C1, 0
0102   3C36           00325         SUBLW '6'               
0103   1903           00326         BTFSC STATUS, Z ; CHECK IF C1 == 6
0104   2???           00327         GOTO c2_to_five
0105                  00328 c2_to_nine:
Message[305]: Using default destination of 1 (file).
0105   0AAA           00329         INCF C2                         ; INCREMENT THE DIGIT
0106   082A           00330         MOVF C2, 0                      ; LOAD IT TO W
0107   3C3A           00331         SUBLW 0x3A                      ; CHECK IF IT HAS EXCEEDED '9'
0108   1903           00332         BTFSC STATUS, Z         ; IF IT HAS RESET THE COUNTER
0109   2???           00333         CALL RESET_COUNTER_C2
010A   082A           00334         MOVF C2, 0                      ; MOVE THE NEW COUNTER VALUE TO W
010B   2???           00335         call SEND_LCD_DATA      
010C   0834           00336         MOVF CURSOR, 0  
010D   2???           00337         call SEND_LCD_COMMAND
010E   2???           00338         goto INTERUPT_END
010F                  00339 c2_to_five:
Message[305]: Using default destination of 1 (file).
010F   0AAA           00340         INCF C2                         ; INCREMENT THE DIGIT
0110   082A           00341         MOVF C2, 0                      ; LOAD IT TO W
0111   3C36           00342         SUBLW '6'                       ; CHECK IF IT HAS EXCEEDED '5'
0112   1903           00343         BTFSC STATUS, Z         ; IF IT HAS RESET THE COUNTER
0113   2???           00344         CALL RESET_COUNTER_C2
0114   082A           00345         MOVF C2, 0                      ; MOVE THE NEW COUNTER VALUE TO W
0115   2???           00346         call SEND_LCD_DATA      
0116   0834           00347         MOVF CURSOR, 0  
0117   2???           00348         call SEND_LCD_COMMAND
0118   2???           00349         goto INTERUPT_END       
0119                  00350 INC_C3:
0119   082A           00351         MOVF C2, 0
MPASM  5.50                          MAIN.ASM   7-26-2023  19:32:28         PAGE  8


LOC  OBJECT CODE     LINE SOURCE TEXT
  VALUE

011A   3C35           00352         SUBLW '5'               ; Check if the last digit is 5
011B   1903           00353         BTFSC STATUS, Z
011C   2???           00354         goto check_c1_c3
011D                  00355 c3_to_nine:
Message[305]: Using default destination of 1 (file).
011D   0AAB           00356         INCF C3                         ; INCREMENT THE DIGIT
011E   082B           00357         MOVF C3, 0                      ; LOAD IT TO W
011F   3C3A           00358         SUBLW 0x3A                      ; CHECK IF IT HAS EXCEEDED '9'
0120   1903           00359         BTFSC STATUS, Z         ; IF IT HAS RESET THE COUNTER
0121   2???           00360         CALL RESET_COUNTER_C3
0122   082B           00361         MOVF C3, 0                      ; MOVE THE NEW COUNTER VALUE TO W
0123   2???           00362         call SEND_LCD_DATA      
0124   0834           00363         MOVF CURSOR, 0  
0125   2???           00364         call SEND_LCD_COMMAND
0126   2???           00365         goto INTERUPT_END
0127                  00366 c3_to_five:
Message[305]: Using default destination of 1 (file).
0127   0AAB           00367         INCF C3                         ; INCREMENT THE DIGIT
0128   082B           00368         MOVF C3, 0                      ; LOAD IT TO W
0129   3C36           00369         SUBLW '6'                       ; CHECK IF IT HAS EXCEEDED '9'
012A   1903           00370         BTFSC STATUS, Z         ; IF IT HAS RESET THE COUNTER
012B   2???           00371         CALL RESET_COUNTER_C3
012C   082B           00372         MOVF C3, 0                      ; MOVE THE NEW COUNTER VALUE TO W
012D   2???           00373         call SEND_LCD_DATA      
012E   0834           00374         MOVF CURSOR, 0  
012F   2???           00375         call SEND_LCD_COMMAND
0130   2???           00376         goto INTERUPT_END
                      00377         
0131                  00378 INC_C4:
0131   082B           00379         MOVF C3, 0
0132   3C35           00380         SUBLW '5'
0133   1903           00381         BTFSC STATUS, Z
0134   2???           00382         goto check_c2_c4
0135                  00383 c4_to_nine:
Message[305]: Using default destination of 1 (file).
0135   0AAC           00384         INCF C4                 ; INCREMENT THE DIGIT
0136   082C           00385         MOVF C4, 0                      ; LOAD IT TO W
0137   3C3A           00386         SUBLW 0x3A                      ; CHECK IF IT HAS EXCEEDED '9'
0138   1903           00387         BTFSC STATUS, Z         ; IF IT HAS RESET THE COUNTER
0139   2???           00388         CALL RESET_COUNTER_C4
013A   082C           00389         MOVF C4, 0                      ; MOVE THE NEW COUNTER VALUE TO W
013B   2???           00390         call SEND_LCD_DATA      
013C   0834           00391         MOVF CURSOR, 0  
013D   2???           00392         call SEND_LCD_COMMAND
013E   2???           00393         goto INTERUPT_END
013F                  00394 c4_to_three:
Message[305]: Using default destination of 1 (file).
013F   0AAC           00395         INCF C4                 ; INCREMENT THE DIGIT
0140   082C           00396         MOVF C4, 0                      ; LOAD IT TO W
0141   3C34           00397         SUBLW '4'                       ; CHECK IF IT HAS EXCEEDED '9'
0142   1903           00398         BTFSC STATUS, Z         ; IF IT HAS RESET THE COUNTER
0143   2???           00399         CALL RESET_COUNTER_C4
0144   082C           00400         MOVF C4, 0                      ; MOVE THE NEW COUNTER VALUE TO W
MPASM  5.50                          MAIN.ASM   7-26-2023  19:32:28         PAGE  9


LOC  OBJECT CODE     LINE SOURCE TEXT
  VALUE

0145   2???           00401         call SEND_LCD_DATA      
0146   0834           00402         MOVF CURSOR, 0  
0147   2???           00403         call SEND_LCD_COMMAND
0148   2???           00404         goto INTERUPT_END
0149                  00405 INC_C5:
0149   082C           00406         MOVF C4, 0
014A   3C33           00407         SUBLW '3'
014B   1903           00408         BTFSC STATUS, Z
014C   2???           00409         goto check_c3_c5
014D                  00410 c5_to_nine:
Message[305]: Using default destination of 1 (file).
014D   0AAD           00411         INCF C5                         ; INCREMENT THE DIGIT
014E   082D           00412         MOVF C5, 0                      ; LOAD IT TO W
014F   3C3A           00413         SUBLW 0x3A                      ; CHECK IF IT HAS EXCEEDED '9'
0150   1903           00414         BTFSC STATUS, Z         ; IF IT HAS RESET THE COUNTER
0151   2???           00415         CALL RESET_COUNTER_C5
0152   082D           00416         MOVF C5, 0                      ; MOVE THE NEW COUNTER VALUE TO W
0153   2???           00417         call SEND_LCD_DATA      
0154   0834           00418         MOVF CURSOR, 0  
0155   2???           00419         call SEND_LCD_COMMAND
0156   2???           00420         goto INTERUPT_END
0157                  00421 c5_to_five:
Message[305]: Using default destination of 1 (file).
0157   0AAD           00422         INCF C5                         ; INCREMENT THE DIGIT
0158   082D           00423         MOVF C5, 0                      ; LOAD IT TO W
0159   3C36           00424         SUBLW '6'                       ; CHECK IF IT HAS EXCEEDED '9'
015A   1903           00425         BTFSC STATUS, Z         ; IF IT HAS RESET THE COUNTER
015B   2???           00426         CALL RESET_COUNTER_C5
015C   082D           00427         MOVF C5, 0                      ; MOVE THE NEW COUNTER VALUE TO W
015D   2???           00428         call SEND_LCD_DATA      
015E   0834           00429         MOVF CURSOR, 0  
015F   2???           00430         call SEND_LCD_COMMAND
0160   2???           00431         goto INTERUPT_END
                      00432 
0161                  00433 INTERUPT_END:
0161   1283 1303      00434         BANKSEL INTCON
0163   108B           00435         BCF INTCON, INTF
0164   100C           00436         BCF     PIR1,TMR1IF     ; clear the TMR1 ov flag 
0165   160B           00437         BSF INTCON, INTE        
0166   1283 1303      00438         BANKSEL PORTA
0168   0009           00439         RETFIE
                      00440 
0169                  00441 RESET_COUNTER_C1:
0169   3030           00442         MOVLW '0'
016A   00A9           00443         MOVWF C1
016B   0008           00444         RETURN
016C                  00445 RESET_COUNTER_C2:
016C   3030           00446         MOVLW '0'
016D   00AA           00447         MOVWF C2
016E   0008           00448         RETURN
016F                  00449 RESET_COUNTER_C3:
016F   3030           00450         MOVLW '0'
0170   00AB           00451         MOVWF C3
MPASM  5.50                          MAIN.ASM   7-26-2023  19:32:28         PAGE 10


LOC  OBJECT CODE     LINE SOURCE TEXT
  VALUE

0171   0008           00452         RETURN
0172                  00453 RESET_COUNTER_C4:
0172   3030           00454         MOVLW '0'
0173   00AC           00455         MOVWF C4
0174   0008           00456         RETURN
0175                  00457 RESET_COUNTER_C5:
0175   3030           00458         MOVLW '0'
0176   00AD           00459         MOVWF C5
0177   0008           00460         RETURN
                      00461 ; ==========================================================================
                      00462 ;                                               END INTERUPTS
                      00463 ;                                                                                         
                      00464 ; ===========================================================================
0178                  00465 INIT:
0178   01A6           00466         CLRF RESULT_LSB
0179   01A7           00467         CLRF RESULT_MSB
017A   01A0           00468         CLRF R1_LSB
017B   01A2           00469         CLRF R2_LSB
017C   01A1           00470         CLRF R1_MSB
017D   01A3           00471         CLRF R2_MSB
017E   01A4           00472         CLRF TEMP_LSB
017F   01A5           00473         CLRF TEMP_MSB
0180   3030           00474         MOVLW '0'
0181   00A9           00475         MOVWF C1
0182   00AA           00476         MOVWF C2
0183   00AB           00477         MOVWF C3
0184   00AC           00478         MOVWF C4
0185   00AD           00479         MOVWF C5
0186   302B           00480         MOVLW '+'                               ; SET THE OPERATION TO ADDITION
0187   00AF           00481         MOVWF OPERATION
0188   30C0           00482         MOVLW 0xC0
0189   01AE           00483         CLRF NEXT_STATE
018A   142E           00484         BSF NEXT_STATE, 0
018B   00B4           00485         MOVWF CURSOR
018C   301E           00486         MOVLW D'30'
018D   00BB           00487         MOVWF TIMER_INDEX
018E   2???           00488         CALL INTERUPT_INIT
018F   2???           00489         CALL PORTS_INIT
0190   2???           00490         CALL INIT_DISPLAY
0191   2???           00491         CALL INTITIAL_MESSAGE
0192                  00492 START: 
0192   2???           00493         GOTO loop
                      00494 
                      00495 ; ==========================================================================
                      00496 ;                                               INTERUPTS & PORTS
                      00497 ;                                                                                         
                      00498 ; ===========================================================================
0193                  00499 INTERUPT_INIT: 
0193   1283 1303      00500         BANKSEL INTCON
0195   178B           00501         BSF INTCON, GIE                 ; ENABLE GLOBAL INTERUPTS
0196   160B           00502         BSF INTCON, INTE                ; ENABLE RB0 INTERUPT BIT
0197   168B           00503         BSF INTCON, T0IE        ; Enable Timer0 Interrupts
0198   1683 1303      00504         BANKSEL OPTION_REG
MPASM  5.50                          MAIN.ASM   7-26-2023  19:32:28         PAGE 11


LOC  OBJECT CODE     LINE SOURCE TEXT
  VALUE

019A   3007           00505         MOVLW 07h
Message[302]: Register in operand not in bank 0.  Ensure that bank bits are correct.
019B   0081           00506         MOVWF OPTION_REG ;Prescaler set to maximum
019C   110B           00507         BCF INTCON, T0IF ; Clear the TMR0 ov flag
019D   1283 1303      00508         BANKSEL PORTA
019F   0008           00509         RETURN
01A0                  00510 PORTS_INIT:
                      00511         ; Convert PORTA into a digital 
01A0   1683 1303      00512         BANKSEL TRISA
Message[302]: Register in operand not in bank 0.  Ensure that bank bits are correct.
01A2   0185           00513         CLRF TRISA      ; SET ALL PINS AS OUTPUT
01A3   1283 1303      00514         BANKSEL PORTA
01A5   0185           00515         CLRF PORTA
01A6   1683 1303      00516         BANKSEL ADCON1
01A8   3006           00517         MOVLW 0x06
Message[302]: Register in operand not in bank 0.  Ensure that bank bits are correct.
01A9   009F           00518         MOVWF ADCON1
                      00519         ; SET PORTB PIN0 AS AN INPUT
01AA   1683 1303      00520         BANKSEL TRISB
Message[302]: Register in operand not in bank 0.  Ensure that bank bits are correct.
01AC   0186           00521         CLRF TRISB
Message[302]: Register in operand not in bank 0.  Ensure that bank bits are correct.
01AD   1406           00522         BSF TRISB, 0
01AE   1283 1303      00523         BANKSEL PORTA
01B0   0008           00524         RETURN
01B1                  00525 RESET_TIMER:
01B1   1283 1303      00526         BANKSEL PORTA
01B3   301E           00527         MOVLW D'30'
01B4   00BB           00528         MOVWF TIMER_INDEX
01B5   150B           00529         BSF INTCON, T0IF ; Clear the TMR0 ov flag
01B6   0008           00530         RETURN
                      00531 ; ==========================================================================
                      00532 ;                                               DISPLAY AND DELAYS
                      00533 ;                                                                                         
                      00534 ; ===========================================================================
01B7                  00535 xms:
01B7   00F1           00536         MOVWF   TimerX                  ; Count for X ms
01B8                  00537 loopX:  
01B8   2???           00538         CALL    onems                   ; Delay 1ms
Message[305]: Using default destination of 1 (file).
01B9   0BF1           00539         DECFSZ  TimerX                  ; Repeat X times 
01BA   2???           00540         GOTO    loopX                   ; until Z
01BB   0008           00541         RETURN                                  ; and finish
01BC                  00542 onems:  
01BC   30F9           00543         MOVLW   D'249'                  ; Count for 1ms delay 
01BD   00F0           00544         MOVWF   Timer1                  ; Load count
01BE                  00545 loop1:
01BE   0000           00546         NOP                                             ; Pad for 4 cycle loop
Message[305]: Using default destination of 1 (file).
01BF   0BF0           00547         DECFSZ  Timer1                  ; Count
01C0   2???           00548         GOTO    loop1                   ; until Z
01C1   0008           00549         RETURN                          ; and finish
01C2                  00550 INIT_DISPLAY:
MPASM  5.50                          MAIN.ASM   7-26-2023  19:32:28         PAGE 12


LOC  OBJECT CODE     LINE SOURCE TEXT
  VALUE

01C2   3064           00551         MOVLW D'100'
01C3   2???           00552         CALL xms
01C4   3003           00553         MOVLW 0x03
01C5   0085           00554         MOVWF PORTA ; SEND 0x03 
01C6   2???           00555         CALL ENABLE_PULSE
01C7   2???           00556         call onems
01C8   2???           00557         call onems
01C9   2???           00558         call onems
01CA   2???           00559         call onems
01CB   2???           00560         call onems
01CC   2???           00561         CALL ENABLE_PULSE
01CD   2???           00562         call onems
01CE   2???           00563         CALL ENABLE_PULSE
01CF   1005           00564         BCF PORTA, 0
01D0   2???           00565         CALL ENABLE_PULSE
01D1   3002           00566         MOVLW   0x2             ; Set 4-bit mode, 2 lines 0x28
01D2   0085           00567         MOVWF PORTA
01D3   2???           00568         call ENABLE_PULSE
01D4   2???           00569         call onems
01D5   3008           00570         MOVLW 0x8
01D6   0185           00571         CLRF PORTA
01D7   0085           00572         MOVWF PORTA
01D8   2???           00573         call ENABLE_PULSE
01D9   2???           00574         call onems
01DA   0185           00575         CLRF PORTA
01DB   2???           00576         call ENABLE_PULSE
01DC   2???           00577         call onems
01DD   300E           00578         MOVLW 0xE       ; ENABLE BLINKING
01DE   0085           00579         MOVWF PORTA
01DF   2???           00580         call ENABLE_PULSE
01E0   2???           00581         call onems
01E1   0008           00582         RETURN          
                      00583 
01E2                  00584 ENABLE_PULSE:
01E2   1685           00585         BSF PORTA, E
01E3   2???           00586         call onems
01E4   2???           00587         call onems
01E5   2???           00588         call onems
01E6   2???           00589         call onems
01E7   2???           00590         call onems
01E8   1285           00591         BCF PORTA, E
01E9   2???           00592         call onems
01EA   2???           00593         call onems
01EB   2???           00594         call onems
01EC   2???           00595         call onems
01ED   2???           00596         call onems
01EE   0008           00597         RETURN
                      00598 
01EF                  00599 SEND_LCD_DATA:
01EF   00A8           00600         MOVWF TEMP_W            ; SAVE A COPY OF W
Message[305]: Using default destination of 1 (file).
01F0   0EA8           00601         SWAPF  TEMP_W           ; SWAP THE HIGHER NIBBLE WITH THE LOWER
01F1   0828           00602         MOVF TEMP_W, 0          ; RELOAD THE SWAPPED NIBBLES TO W
MPASM  5.50                          MAIN.ASM   7-26-2023  19:32:28         PAGE 13


LOC  OBJECT CODE     LINE SOURCE TEXT
  VALUE

01F2   390F           00603         ANDLW 0x0F                      ; GET RID OF THE "HIGHER NIBBLE" (LOWER ORIGINALY)
01F3   0085           00604         MOVWF PORTA                     ; STORE THE "LOWER NIBBLE" (HIGHER ORIGINALY) IN PORTA
01F4   1605           00605         BSF PORTA, RS           ; SELECT DATA REGISTER
01F5   2???           00606         call ENABLE_PULSE       ; SEND PULSE
01F6   2???           00607         call onems
Message[305]: Using default destination of 1 (file).
01F7   0EA8           00608         SWAPF TEMP_W            ; RESWAP THE NIBBLES
01F8   0828           00609         MOVF TEMP_W, 0          ; STORE IT BACK IN W
01F9   390F           00610         ANDLW 0x0F                      ; GET RID OF THE "HIGHER NIBBLE"
01FA   0085           00611         MOVWF PORTA                     ; STORE THE LOWER NIBBLE IN W
01FB   1605           00612         BSF PORTA, RS           ; SELECT DATA REGISTER
01FC   2???           00613         call ENABLE_PULSE       ; SEND PULSE
01FD   2???           00614         call onems
01FE   0008           00615         RETURN
                      00616 
01FF                  00617 SEND_LCD_COMMAND:
01FF   00A8           00618         MOVWF TEMP_W            ; SAVE A COPY OF W
Message[305]: Using default destination of 1 (file).
0200   0EA8           00619         SWAPF  TEMP_W           ; SWAP THE HIGHER NIBBLE WITH THE LOWER
0201   0828           00620         MOVF TEMP_W, 0          ; RELOAD THE SWAPPED NIBBLES TO W
0202   390F           00621         ANDLW 0x0F                      ; GET RID OF THE "HIGHER NIBBLE" (LOWER ORIGINALY)
0203   0085           00622         MOVWF PORTA                     ; STORE THE "LOWER NIBBLE" (HIGHER ORIGINALY) IN PORTA
0204   1205           00623         BCF PORTA, RS           ; SELECT COMMAND REGISTER
0205   2???           00624         call ENABLE_PULSE       ; SEND PULSE
0206   2???           00625         call onems
Message[305]: Using default destination of 1 (file).
0207   0EA8           00626         SWAPF TEMP_W            ; RESWAP THE NIBBLES
0208   0828           00627         MOVF TEMP_W, 0          ; STORE IT BACK IN W
0209   390F           00628         ANDLW 0x0F                      ; GET RID OF THE "HIGHER NIBBLE"
020A   0085           00629         MOVWF PORTA                     ; STORE THE LOWER NIBBLE IN W
020B   1205           00630         BCF PORTA, RS           ; SELECT COMMAND REGISTER
020C   2???           00631         call ENABLE_PULSE       ; SEND PULSE
020D   2???           00632         call onems
020E   0008           00633         RETURN
                      00634 
020F                  00635 INTITIAL_MESSAGE:
020F   3001           00636         MOVLW 0x01
0210   2???           00637         CALL SEND_LCD_COMMAND
0211   3080           00638         MOVLW 0x80
0212   2???           00639         CALL SEND_LCD_COMMAND
0213   3045           00640         MOVLW 'E'
0214   2???           00641         CALL SEND_LCD_DATA
0215   304E           00642         MOVLW 'N'
0216   2???           00643         CALL SEND_LCD_DATA
0217   3054           00644         MOVLW 'T'
0218   2???           00645         CALL SEND_LCD_DATA
0219   3045           00646         MOVLW 'E'
021A   2???           00647         CALL SEND_LCD_DATA
021B   3052           00648         MOVLW 'R'
021C   2???           00649         CALL SEND_LCD_DATA
021D   3020           00650         MOVLW ' '
021E   2???           00651         CALL SEND_LCD_DATA
021F   304F           00652         MOVLW 'O'
MPASM  5.50                          MAIN.ASM   7-26-2023  19:32:28         PAGE 14


LOC  OBJECT CODE     LINE SOURCE TEXT
  VALUE

0220   2???           00653         CALL SEND_LCD_DATA
0221   3050           00654         MOVLW 'P'
0222   2???           00655         CALL SEND_LCD_DATA
0223   3045           00656         MOVLW 'E'
0224   2???           00657         CALL SEND_LCD_DATA
0225   3052           00658         MOVLW 'R'
0226   2???           00659         CALL SEND_LCD_DATA
0227   3041           00660         MOVLW 'A'
0228   2???           00661         CALL SEND_LCD_DATA
0229   3054           00662         MOVLW 'T'
022A   2???           00663         CALL SEND_LCD_DATA
022B   3049           00664         MOVLW 'I'
022C   2???           00665         CALL SEND_LCD_DATA
022D   304F           00666         MOVLW 'O'
022E   2???           00667         CALL SEND_LCD_DATA
022F   304E           00668         MOVLW 'N'
0230   2???           00669         CALL SEND_LCD_DATA
0231   303A           00670         MOVLW ':'
0232   2???           00671         CALL SEND_LCD_DATA
0233   30C0           00672         MOVLW 0xC0
0234   00B4           00673         MOVWF CURSOR
0235   2???           00674         CALL SEND_LCD_COMMAND
0236   3030           00675         MOVLW '0'
0237   2???           00676         CALL SEND_LCD_DATA
0238   3030           00677         MOVLW '0'
0239   2???           00678         CALL SEND_LCD_DATA
023A   3030           00679         MOVLW '0'
023B   2???           00680         CALL SEND_LCD_DATA
023C   3030           00681         MOVLW '0'
023D   2???           00682         CALL SEND_LCD_DATA
023E   3030           00683         MOVLW '0'
023F   2???           00684         CALL SEND_LCD_DATA
0240   302B           00685         MOVLW '+'
0241   2???           00686         CALL SEND_LCD_DATA
0242   3030           00687         MOVLW '0'
0243   2???           00688         CALL SEND_LCD_DATA
0244   3030           00689         MOVLW '0'
0245   2???           00690         CALL SEND_LCD_DATA
0246   3030           00691         MOVLW '0'
0247   2???           00692         CALL SEND_LCD_DATA
0248   3030           00693         MOVLW '0'
0249   2???           00694         CALL SEND_LCD_DATA
024A   3030           00695         MOVLW '0'
024B   2???           00696         CALL SEND_LCD_DATA
024C   0834           00697         MOVF CURSOR, 0
024D   2???           00698         CALL SEND_LCD_COMMAND
024E   0008           00699         RETURN
                      00700 ; ==========================================================================
                      00701 ;                                                       NUMBERS & CONVERSIONS
                      00702 ;                                                                                         
                      00703 ; ===========================================================================
024F                  00704 HexBCD: 
024F   3010           00705         movlw d'16'
MPASM  5.50                          MAIN.ASM   7-26-2023  19:32:28         PAGE 15


LOC  OBJECT CODE     LINE SOURCE TEXT
  VALUE

0250   00B8           00706         movwf MCount
0251   01B5           00707         clrf BCDvalH
0252   01B6           00708         clrf BCDvalM
0253   01B7           00709         clrf BCDvalL
0254   1003           00710         bcf STATUS,C
                      00711 
0255                  00712 loop16:  
0255   0DA6           00713         rlf RESULT_LSB,F
0256   0DA7           00714         rlf RESULT_MSB,F
0257   0DB7           00715         rlf BCDvalL,F
0258   0DB6           00716         rlf BCDvalM,F
0259   0DB5           00717         rlf BCDvalH,F
                      00718 
025A   03B8           00719         decf MCount,F
025B   1903           00720         btfsc STATUS,Z
025C   0008           00721         return
                      00722 
025D                  00723 adjDEC:   
025D   3037           00724         movlw BCDvalL
025E   0084           00725         movwf FSR
025F   2???           00726         call adjBCD
0260   3036           00727         movlw BCDvalM
0261   0084           00728         movwf FSR
0262   2???           00729         call adjBCD
0263   3035           00730         movlw BCDvalH
0264   0084           00731         movwf FSR
0265   2???           00732         call adjBCD
0266   2???           00733         goto loop16
                      00734 
0267                  00735 adjBCD 
0267   3003           00736         movlw d'3'
0268   0700           00737         addwf INDF,W
0269   00BC           00738         movwf Temp
026A   19BC           00739         btfsc Temp,3
026B   0080           00740         movwf INDF
026C   3030           00741         movlw 30h
026D   0700           00742         addwf INDF,W
026E   00BC           00743         movwf Temp
026F   1BBC           00744         btfsc Temp,7
0270   0080           00745         movwf INDF
0271   0008           00746         RETURN
                      00747 
0272                  00748 dec2bin16
0272   082C           00749     movf  C4,W        ; (C4 + C2) * 2
0273   072A           00750     addwf C2,W
0274   00BF           00751     movwf NUMLO
0275   0DBF           00752     rlf   NUMLO,F
                      00753 
0276   0E2B           00754     swapf C3,W        ; + C3 * 16 + C3
0277   072B           00755     addwf C3,W
0278   07BF           00756     addwf NUMLO,F
                      00757 
0279   0D29           00758     rlf   C1,W        ; + (C1 * 2 + C2) * 256
MPASM  5.50                          MAIN.ASM   7-26-2023  19:32:28         PAGE 16


LOC  OBJECT CODE     LINE SOURCE TEXT
  VALUE

027A   072A           00759     addwf C2,W
027B   00BE           00760     movwf NUMHI
                      00761 
027C   0DBF           00762     rlf   NUMLO,F     ; * 2
027D   0DBE           00763     rlf   NUMHI,F
                      00764 
027E   0E2A           00765     swapf C2,W        ; - C2 * 16
027F   02BF           00766     subwf NUMLO,F
0280   1C03           00767     skpc
0281   03BE           00768     decf  NUMHI,F
                      00769 
0282   0E2B           00770     swapf C3,W        ; + C3 * 16 + C4
0283   072C           00771     addwf C4,W
0284   07BF           00772     addwf NUMLO,F
0285   1803           00773     skpnc
0286   0ABE           00774     incf  NUMHI,F
                      00775 
0287   0E29           00776     swapf C1,W        ; + C1 * 16 + C5
0288   072D           00777     addwf C5,W
                      00778 
0289   0DBF           00779     rlf   NUMLO,F     ; * 2
028A   0DBE           00780     rlf   NUMHI,F
                      00781 
028B   07BF           00782     addwf NUMLO,F
028C   1803           00783     skpnc
028D   0ABE           00784     incf  NUMHI,F
                      00785 
028E   0829           00786     movf  C1,W        ; - C1 * 256
028F   02BE           00787     subwf NUMHI,F
                      00788 
0290   0E29           00789     swapf C1,W        ; + C1 * 16 * 256 * 2
0291   07BE           00790     addwf NUMHI,F
0292   07BE           00791     addwf NUMHI,F
                      00792 
0293   0008           00793     return            ; Q.E.D.
                      00794 ; ==========================================================================
                      00795 ;                                               ARETHMETIC OPERATIONS 
                      00796 ;                                                                                         
                      00797 ; ===========================================================================
0294                  00798 ADD:
0294   01A6           00799         CLRF RESULT_LSB       ; Clear the result's Least Significant Byte
0295   01A7           00800         CLRF RESULT_MSB       ; Clear the result's Most Significant Byte
0296   0820           00801         MOVF R1_LSB, 0        ; Move the value in R1_LSB to W register
0297   0722           00802         ADDWF R2_LSB, 0       ; Add the value in W to R2_LSB (result in R2_LSB with no carry)
0298   1803           00803         BTFSC STATUS, 0       ; Check if there was a carry from the previous addition
Message[305]: Using default destination of 1 (file).
0299   0AA7           00804         INCF RESULT_MSB       ; If carry, increment the result's Most Significant Byte
029A   00A6           00805         MOVWF RESULT_LSB      ; Move the result of addition to the result's Least Significant Byte
029B   0821           00806         MOVF R1_MSB, 0        ; Move the value in R1_MSB to W register
029C   0723           00807         ADDWF R2_MSB, 0       ; Add the value in W to R2_MSB (result in R2_MSB with carry)
Message[305]: Using default destination of 1 (file).
029D   07A7           00808         ADDWF RESULT_MSB      ; Add the result of addition to the result's Most Significant Byte
029E   0008           00809         RETURN               ; Return from the subroutine
MPASM  5.50                          MAIN.ASM   7-26-2023  19:32:28         PAGE 17


LOC  OBJECT CODE     LINE SOURCE TEXT
  VALUE

                      00810 
029F                  00811 SUB:
029F   0922           00812         COMF R2_LSB, 0        ; Compute the two's complement of R2_LSB
02A0   0724           00813         ADDWF TEMP_LSB, 0     ; Add 1 to get the two's complement
02A1   1803           00814         BTFSC STATUS, 0       ; Check if there was a carry from the previous addition
Message[305]: Using default destination of 1 (file).
02A2   0AA5           00815         INCF TEMP_MSB         ; If there was a carry, increment TEMP_MSB
02A3   3E01           00816         ADDLW 0x01            ; Add 1 to W register
02A4   1803           00817         BTFSC STATUS, 0       ; Check if there was a carry from the previous addition
Message[305]: Using default destination of 1 (file).
02A5   0AA5           00818         INCF TEMP_MSB         ; If there was a carry, increment TEMP_MSB
02A6   00A4           00819         MOVWF TEMP_LSB        ; Move the result of two's complement to TEMP_LSB
02A7   0923           00820         COMF R2_MSB, 0        ; Compute the two's complement of R2_MSB
02A8   0725           00821         ADDWF TEMP_MSB, 0     ; Add 1 to get the two's complement
02A9   00A5           00822         MOVWF TEMP_MSB        ; Move the result of two's complement to TEMP_MSB
02AA   0008           00823         RETURN                ; Return from the subroutine
                      00824 
02AB                  00825 DIVIDE:
02AB   01A7           00826         CLRF RESULT_MSB       ; Clear the result's Most Significant Byte
02AC   01A6           00827         CLRF RESULT_LSB       ; Clear the result's Least Significant Byte
02AD   0820           00828         MOVF R1_LSB, 0        ; Move the value in R1_LSB to TEMP_LSB (temporary storage)
02AE   00A4           00829         MOVWF TEMP_LSB
02AF   0821           00830         MOVF R1_MSB, 0        ; Move the value in R1_MSB to TEMP_MSB (temporary storage)
02B0   00A5           00831         MOVWF TEMP_MSB
02B1                  00832 DIVLOOP:
02B1   2???           00833         CALL SUB              ; Call the SUB subroutine to perform subtraction
02B2   1C03           00834         BTFSS STATUS, 0       ; Check if there was a borrow (no carry) from the previous subtraction
02B3   2???           00835         GOTO DIVEND           ; If no borrow, exit the loop (division complete)
Message[305]: Using default destination of 1 (file).
02B4   0AA6           00836         INCF RESULT_LSB       ; Increment the result's Least Significant Byte
02B5   1903           00837         BTFSC STATUS, 2       ; Check if the register is overflown
Message[305]: Using default destination of 1 (file).
02B6   0AA7           00838         INCF RESULT_MSB       ; If it is, increment the result's Most Significant Byte
02B7   2???           00839         GOTO DIVLOOP          ; Continue the division loop
02B8                  00840 DIVEND:
02B8   0008           00841         RETURN                ; Return from the DIVIDE subroutine
02B9                  00842 MOD:
02B9   01A7           00843         CLRF RESULT_MSB       ; Clear the result's Most Significant Byte (initialize to 0)
02BA   01A6           00844         CLRF RESULT_LSB       ; Clear the result's Least Significant Byte (initialize to 0)
02BB   0820           00845         MOVF R1_LSB, 0        ; Move the value in R1_LSB to TEMP_LSB (temporary storage)
02BC   00A4           00846         MOVWF TEMP_LSB
02BD   0821           00847         MOVF R1_MSB, 0        ; Move the value in R1_MSB to TEMP_MSB (temporary storage)
02BE   00A5           00848         MOVWF TEMP_MSB
02BF                  00849 MODLOOP:
02BF   2???           00850         CALL SUB              ; Call the SUB subroutine to perform subtraction
02C0   1C03           00851         BTFSS STATUS, 0       ; Check if there was a borrow (no carry) from the previous subtraction
02C1   2???           00852         GOTO MODEND           ; If no borrow, exit the loop (modulo operation complete)
02C2   2???           00853         GOTO MODLOOP          ; Continue the modulo loop
                      00854 
02C3                  00855 MODEND:
02C3   0822           00856         MOVF R2_LSB, 0        ; Move the value in R2_LSB to W register
02C4   0724           00857         ADDWF TEMP_LSB, 0     ; Add the value in W to TEMP_LSB (carry ignored as it's not needed)
02C5   1803           00858         BTFSC STATUS, 0       ; Check if there was a carry from the addition
MPASM  5.50                          MAIN.ASM   7-26-2023  19:32:28         PAGE 18


LOC  OBJECT CODE     LINE SOURCE TEXT
  VALUE

Message[305]: Using default destination of 1 (file).
02C6   0AA7           00859         INCF RESULT_MSB       ; If carry, increment the result's Most Significant Byte
02C7   00A6           00860         MOVWF RESULT_LSB      ; Move the result of the addition to the result's Least Significant Byte
                      00861 
02C8   0823           00862         MOVF R2_MSB, 0        ; Move the value in R2_MSB to W register
02C9   0725           00863         ADDWF TEMP_MSB, 0     ; Add the value in W to TEMP_MSB (carry ignored as it's not needed)
Message[305]: Using default destination of 1 (file).
02CA   07A7           00864         ADDWF RESULT_MSB      ; Add the result of the addition to the result's Most Significant Byte
                      00865 
02CB   0008           00866         RETURN                  ; Return from the MOD subroutine              
                      00867 
                      00868 ; ==========================================================================
                      00869 ;                                               INCREMENTS
                      00870 ;                                                                                         
                      00871 ; ===========================================================================
02CC                  00872 check_c1_c3:
02CC   0829           00873         MOVF C1, 0
02CD   3C36           00874         SUBLW '6'
02CE   1903           00875         BTFSC STATUS, Z
02CF   2???           00876         goto c3_to_five
02D0   2???           00877         goto c3_to_nine
02D1                  00878 check_c2_c4:
02D1   082A           00879         MOVF C2, 0
02D2   3C35           00880         SUBLW '5'
02D3   1903           00881         BTFSC STATUS, Z
02D4   2???           00882         goto check_c1_c4
02D5   2???           00883         goto c4_to_nine
02D6                  00884 check_c1_c4:
02D6   0829           00885         MOVF C1, 0
02D7   3C36           00886         SUBLW '6'
02D8   1903           00887         BTFSC STATUS, Z
02D9   2???           00888         goto c4_to_three
02DA   2???           00889         goto c4_to_nine
02DB                  00890 check_c3_c5:
02DB   082B           00891         MOVF C3, 0
02DC   3C35           00892         SUBLW '5'
02DD   1903           00893         BTFSC STATUS, Z
02DE   2???           00894         goto check_c2_c5
02DF   2???           00895         goto c5_to_nine
02E0                  00896 check_c2_c5:
02E0   082A           00897         MOVF C2, 0
02E1   3C35           00898         SUBLW '5'
02E2   1903           00899         BTFSC STATUS, Z
02E3   2???           00900         goto check_c1_c5
02E4   2???           00901         goto c5_to_nine
02E5                  00902 check_c1_c5:
02E5   0829           00903         MOVF C1, 0
02E6   3C36           00904         SUBLW '6'
02E7   1903           00905         BTFSC STATUS, Z
02E8   2???           00906         goto c5_to_five
02E9   2???           00907         goto c5_to_nine
                      00908 
02EA                  00909 loop:
MPASM  5.50                          MAIN.ASM   7-26-2023  19:32:28         PAGE 19


LOC  OBJECT CODE     LINE SOURCE TEXT
  VALUE

02EA   2???           00910         GOTO loop
3731                  00911         END                  ; End of the progra
MPASM  5.50                          MAIN.ASM   7-26-2023  19:32:28         PAGE 20


SYMBOL TABLE
  LABEL                             VALUE 

ACKDT                             00000005
ACKEN                             00000004
ACKSTAT                           00000006
ADCON0                            0000001F
ADCON1                            0000009F
ADCS0                             00000006
ADCS1                             00000007
ADCS2                             00000006
ADD                               00000294
ADDEN                             00000003
ADDITION                          00000034
ADFM                              00000007
ADIE                              00000006
ADIF                              00000006
ADON                              00000000
ADRESH                            0000001E
ADRESL                            0000009E
BCDvalH                           00000035
BCDvalL                           00000037
BCDvalM                           00000036
BCLIE                             00000003
BCLIF                             00000003
BF                                00000000
BRGH                              00000002
BUTTON_INTERUPT                   00000077
C                                 00000000
C1                                00000029
C1INV                             00000004
C1OUT                             00000006
C2                                0000002A
C2INV                             00000005
C2OUT                             00000007
C3                                0000002B
C4                                0000002C
C5                                0000002D
CCP1CON                           00000017
CCP1IE                            00000002
CCP1IF                            00000002
CCP1M0                            00000000
CCP1M1                            00000001
CCP1M2                            00000002
CCP1M3                            00000003
CCP1X                             00000005
CCP1Y                             00000004
CCP2CON                           0000001D
CCP2IE                            00000000
CCP2IF                            00000000
CCP2M0                            00000000
CCP2M1                            00000001
CCP2M2                            00000002
CCP2M3                            00000003
CCP2X                             00000005
CCP2Y                             00000004
MPASM  5.50                          MAIN.ASM   7-26-2023  19:32:28         PAGE 21


SYMBOL TABLE
  LABEL                             VALUE 

CCPR1                             00000015
CCPR1H                            00000016
CCPR1L                            00000015
CCPR2                             0000001B
CCPR2H                            0000001C
CCPR2L                            0000001B
CHANGE_OPERATION                  000000AD
CHS0                              00000003
CHS1                              00000004
CHS2                              00000005
CIS                               00000003
CKE                               00000006
CKP                               00000004
CM0                               00000000
CM1                               00000001
CM2                               00000002
CMCON                             0000009C
CMIE                              00000006
CMIF                              00000006
CREN                              00000004
CSRC                              00000007
CURSOR                            00000034
CVR0                              00000000
CVR1                              00000001
CVR2                              00000002
CVR3                              00000003
CVRCON                            0000009D
CVREN                             00000007
CVROE                             00000006
CVRR                              00000005
D                                 00000005
DATA_ADDRESS                      00000005
DC                                00000001
DISPLAY_RESULT                    00000026
DISPLAY_RESULT_END                00000043
DIVEND                            000002B8
DIVIDE                            000002AB
DIVISION                          00000039
DIVLOOP                           000002B1
D_A                               00000005
D_NOT_A                           00000005
E                                 00000005
EEADR                             0000010D
EEADRH                            0000010F
EECON1                            0000018C
EECON2                            0000018D
EEDATA                            0000010C
EEDATH                            0000010E
EEIE                              00000004
EEIF                              00000004
EEPGD                             00000007
ENABLE_PULSE                      000001E2
F                                 00000001
MPASM  5.50                          MAIN.ASM   7-26-2023  19:32:28         PAGE 22


SYMBOL TABLE
  LABEL                             VALUE 

FERR                              00000002
FSR                               00000004
GCEN                              00000007
GIE                               00000007
GO                                00000002
GO_DONE                           00000002
GO_NOT_DONE                       00000002
HexBCD                            0000024F
I2C_DATA                          00000005
I2C_READ                          00000002
I2C_START                         00000003
I2C_STOP                          00000004
IBF                               00000007
IBOV                              00000005
INCREMENT_DISPLAY                 0000000F
INC_C1                            000000F7
INC_C2                            00000101
INC_C3                            00000119
INC_C4                            00000131
INC_C5                            00000149
INDF                              00000000
INIT                              00000178
INIT_DISPLAY                      000001C2
INTCON                            0000000B
INTE                              00000004
INTEDG                            00000006
INTERUPT_END                      00000161
INTERUPT_INIT                     00000193
INTF                              00000001
INTITIAL_MESSAGE                  0000020F
IRP                               00000007
IS_VISITED                        0000003D
MCount                            00000038
MOD                               000002B9
MODEND                            000002C3
MODLOOP                           000002BF
MODULO                            0000003E
NEXT_STATE                        0000002E
NOT_A                             00000005
NOT_ADDRESS                       00000005
NOT_BO                            00000000
NOT_BOR                           00000000
NOT_DONE                          00000002
NOT_PD                            00000003
NOT_POR                           00000001
NOT_RBPU                          00000007
NOT_RC8                           00000006
NOT_T1SYNC                        00000002
NOT_TO                            00000004
NOT_TX8                           00000006
NOT_W                             00000002
NOT_WRITE                         00000002
NUMBERS_IN                        000000CB
MPASM  5.50                          MAIN.ASM   7-26-2023  19:32:28         PAGE 23


SYMBOL TABLE
  LABEL                             VALUE 

NUMBERS_IN_2                      000000E3
NUMHI                             0000003E
NUMLO                             0000003F
OBF                               00000006
OERR                              00000001
OPERATION                         0000002F
OPTION_REG                        00000081
P                                 00000004
PCFG0                             00000000
PCFG1                             00000001
PCFG2                             00000002
PCFG3                             00000003
PCL                               00000002
PCLATH                            0000000A
PCON                              0000008E
PEIE                              00000006
PEN                               00000002
PIE1                              0000008C
PIE2                              0000008D
PIR1                              0000000C
PIR2                              0000000D
PORTA                             00000005
PORTB                             00000006
PORTC                             00000007
PORTD                             00000008
PORTE                             00000009
PORTS_INIT                        000001A0
PR2                               00000092
PS0                               00000000
PS1                               00000001
PS2                               00000002
PSA                               00000003
PSPIE                             00000007
PSPIF                             00000007
PSPMODE                           00000004
R                                 00000002
R1_LSB                            00000020
R1_MSB                            00000021
R2_LSB                            00000022
R2_MSB                            00000023
RA0                               00000000
RA1                               00000001
RA2                               00000002
RA3                               00000003
RA4                               00000004
RA5                               00000005
RB0                               00000000
RB1                               00000001
RB2                               00000002
RB3                               00000003
RB4                               00000004
RB5                               00000005
RB6                               00000006
MPASM  5.50                          MAIN.ASM   7-26-2023  19:32:28         PAGE 24


SYMBOL TABLE
  LABEL                             VALUE 

RB7                               00000007
RBIE                              00000003
RBIF                              00000000
RC0                               00000000
RC1                               00000001
RC2                               00000002
RC3                               00000003
RC4                               00000004
RC5                               00000005
RC6                               00000006
RC7                               00000007
RC8_9                             00000006
RC9                               00000006
RCD8                              00000000
RCEN                              00000003
RCIE                              00000005
RCIF                              00000005
RCREG                             0000001A
RCSTA                             00000018
RD                                00000000
RD0                               00000000
RD1                               00000001
RD2                               00000002
RD3                               00000003
RD4                               00000004
RD5                               00000005
RD6                               00000006
RD7                               00000007
RE0                               00000000
RE1                               00000001
RE2                               00000002
READ_WRITE                        00000002
RESET_COUNTER_C1                  00000169
RESET_COUNTER_C2                  0000016C
RESET_COUNTER_C3                  0000016F
RESET_COUNTER_C4                  00000172
RESET_COUNTER_C5                  00000175
RESET_TIMER                       000001B1
RESULT_LSB                        00000026
RESULT_MSB                        00000027
RP0                               00000005
RP1                               00000006
RS                                00000004
RSEN                              00000001
RX9                               00000006
RX9D                              00000000
R_NOT_W                           00000002
R_W                               00000002
S                                 00000003
SAVE_NUMBER_1                     00000081
SAVE_NUMBER_2                     00000097
SEN                               00000000
SEND_LCD_COMMAND                  000001FF
MPASM  5.50                          MAIN.ASM   7-26-2023  19:32:28         PAGE 25


SYMBOL TABLE
  LABEL                             VALUE 

SEND_LCD_DATA                     000001EF
SKIP                              0000001C
SMP                               00000007
SPBRG                             00000099
SPEN                              00000007
SREN                              00000005
SSPADD                            00000093
SSPBUF                            00000013
SSPCON                            00000014
SSPCON2                           00000091
SSPEN                             00000005
SSPIE                             00000003
SSPIF                             00000003
SSPM0                             00000000
SSPM1                             00000001
SSPM2                             00000002
SSPM3                             00000003
SSPOV                             00000006
SSPSTAT                           00000094
START                             00000192
STATUS                            00000003
SUB                               0000029F
SYNC                              00000004
T0CS                              00000005
T0IE                              00000005
T0IF                              00000002
T0SE                              00000004
T1CKPS0                           00000004
T1CKPS1                           00000005
T1CON                             00000010
T1INSYNC                          00000002
T1OSCEN                           00000003
T1SYNC                            00000002
T2CKPS0                           00000000
T2CKPS1                           00000001
T2CON                             00000012
TEMP_LSB                          00000024
TEMP_MSB                          00000025
TEMP_W                            00000028
TIMER_INDEX                       0000003B
TIMER_INTERUPT                    00000008
TMR0                              00000001
TMR0IE                            00000005
TMR0IF                            00000002
TMR1                              0000000E
TMR1CS                            00000001
TMR1H                             0000000F
TMR1IE                            00000000
TMR1IF                            00000000
TMR1L                             0000000E
TMR1ON                            00000000
TMR2                              00000011
TMR2IE                            00000001
MPASM  5.50                          MAIN.ASM   7-26-2023  19:32:28         PAGE 26


SYMBOL TABLE
  LABEL                             VALUE 

TMR2IF                            00000001
TMR2ON                            00000002
TOUTPS0                           00000003
TOUTPS1                           00000004
TOUTPS2                           00000005
TOUTPS3                           00000006
TRISA                             00000085
TRISA0                            00000000
TRISA1                            00000001
TRISA2                            00000002
TRISA3                            00000003
TRISA4                            00000004
TRISA5                            00000005
TRISB                             00000086
TRISB0                            00000000
TRISB1                            00000001
TRISB2                            00000002
TRISB3                            00000003
TRISB4                            00000004
TRISB5                            00000005
TRISB6                            00000006
TRISB7                            00000007
TRISC                             00000087
TRISC0                            00000000
TRISC1                            00000001
TRISC2                            00000002
TRISC3                            00000003
TRISC4                            00000004
TRISC5                            00000005
TRISC6                            00000006
TRISC7                            00000007
TRISD                             00000088
TRISD0                            00000000
TRISD1                            00000001
TRISD2                            00000002
TRISD3                            00000003
TRISD4                            00000004
TRISD5                            00000005
TRISD6                            00000006
TRISD7                            00000007
TRISE                             00000089
TRISE0                            00000000
TRISE1                            00000001
TRISE2                            00000002
TRMT                              00000001
TX8_9                             00000006
TX9                               00000006
TX9D                              00000000
TXD8                              00000000
TXEN                              00000005
TXIE                              00000004
TXIF                              00000004
TXREG                             00000019
MPASM  5.50                          MAIN.ASM   7-26-2023  19:32:28         PAGE 27


SYMBOL TABLE
  LABEL                             VALUE 

TXSTA                             00000098
Temp                              0000003C
Timer1                            00000070
TimerX                            00000071
UA                                00000001
W                                 00000000
WCOL                              00000007
WR                                00000001
WREN                              00000002
WRERR                             00000003
Z                                 00000002
_BODEN_OFF                        00003FBF
_BODEN_ON                         00003FFF
_BOREN_OFF                        00003FBF
_BOREN_ON                         00003FFF
_CONFIG                           00002007
_CPD_OFF                          00003FFF
_CPD_ON                           00003EFF
_CP_ALL                           00001FFF
_CP_OFF                           00003FFF
_CP_ON                            00001FFF
_DEBUG_OFF                        00003FFF
_DEBUG_ON                         000037FF
_DEVID1                           00002006
_FOSC_EXTRC                       00003FFF
_FOSC_HS                          00003FFE
_FOSC_LP                          00003FFC
_FOSC_XT                          00003FFD
_HS_OSC                           00003FFE
_IDLOC0                           00002000
_IDLOC1                           00002001
_IDLOC2                           00002002
_IDLOC3                           00002003
_LP_OSC                           00003FFC
_LVP_OFF                          00003F7F
_LVP_ON                           00003FFF
_PWRTE_OFF                        00003FFF
_PWRTE_ON                         00003FF7
_RC_OSC                           00003FFF
_WDTE_OFF                         00003FFB
_WDTE_ON                          00003FFF
_WDT_OFF                          00003FFB
_WDT_ON                           00003FFF
_WRT_1FOURTH                      00003BFF
_WRT_256                          00003DFF
_WRT_HALF                         000039FF
_WRT_OFF                          00003FFF
_XT_OSC                           00003FFD
__16F877A                         00000001
__DEBUG                           1
adjBCD                            00000267
adjDEC                            0000025D
c2_to_five                        0000010F
MPASM  5.50                          MAIN.ASM   7-26-2023  19:32:28         PAGE 28


SYMBOL TABLE
  LABEL                             VALUE 

c2_to_nine                        00000105
c3_to_five                        00000127
c3_to_nine                        0000011D
c4_to_nine                        00000135
c4_to_three                       0000013F
c5_to_five                        00000157
c5_to_nine                        0000014D
check_c1_c3                       000002CC
check_c1_c4                       000002D6
check_c1_c5                       000002E5
check_c2_c4                       000002D1
check_c2_c5                       000002E0
check_c3_c5                       000002DB
dec2bin16                         00000272
div_digit                         000000C5
loop                              000002EA
loop1                             000001BE
loop16                            00000255
loopX                             000001B8
mod_digit                         000000BF
onems                             000001BC
plus_digit                        000000B9
xms                               000001B7

Errors   :     0
Warnings :     6 reported,     0 suppressed
Messages :    30 reported,     0 suppressed

