MPASM  5.50                          MAIN.ASM   7-26-2023  1:11:51         PAGE  1


LOC  OBJECT CODE     LINE SOURCE TEXT
  VALUE

                      00001 
Warning[205]: Found directive in column 1. (PROCESSOR)
                      00002 PROCESSOR 16F877A
Warning[205]: Found directive in column 1. (INCLUDE)
                      00003 INCLUDE "p16f877a.inc"
                      00001         LIST
                      00002 
                      00003 ;==========================================================================
                      00004 ;  MPASM PIC16F877A processor include
                      00005 ; 
                      00006 ;  (c) Copyright 1999-2013 Microchip Technology, All rights reserved
                      00007 ;==========================================================================
                      00008 
                      00566         LIST
                      00004 
                      00005 
Warning[205]: Found directive in column 1. (__CONFIG)
2007   3731           00006 __CONFIG 0x3731 ;
                      00007 ; ---------------------------------------------------
                      00008 ; -----------           Data Area                         -----------
                      00009 ; ---------------------------------------------------
  00000020            00010 R1_LSB EQU 0x20       ; Define the memory location for R1's Least Significant Byte
  00000021            00011 R1_MSB EQU 0x21       ; Define the memory location for R1's Most Significant Byte
  00000022            00012 R2_LSB EQU 0x22       ; Define the memory location for R2's Least Significant Byte
  00000023            00013 R2_MSB EQU 0x23       ; Define the memory location for R2's Most Significant Byte
  00000024            00014 TEMP_LSB EQU 0x24     ; Define the memory location for temporary storage (Least Significant Byte)
  00000025            00015 TEMP_MSB EQU 0x25     ; Define the memory location for temporary storage (Most Significant Byte)
  00000026            00016 RESULT_LSB EQU 0x26   ; Define the memory location for the result (Least Significant Byte)
  00000027            00017 RESULT_MSB EQU 0x27   ; Define the memory location for the result (Most Significant Byte)
  00000029            00018 C1 EQU 0x29
  0000002A            00019 C2 EQU 0x2A
  0000002B            00020 C3 EQU 0x2B
  0000002C            00021 C4 EQU 0x2C
  0000002D            00022 C5 EQU 0x2D
  00000034            00023 CURSOR EQU 0x34
  00000070            00024 Timer1  EQU     70              
  00000071            00025 TimerX  EQU     71      
  00000035            00026 BCDvalH EQU 0x35
  00000036            00027 BCDvalM EQU 0x36
  00000037            00028 BCDvalL EQU 0x37
  00000038            00029 MCount  EQU 0x38
  00000039            00030 NumbHi  EQU 0x39
  0000003A            00031 NumbLo  EQU 0x3A        
  0000003B            00032 TIMER_INDEX EQU 0x3B
  0000003B            00033 Temp EQU 0x3B
  00000005            00034 E EQU 5
  00000004            00035 RS EQU 4
  00000028            00036 TEMP_W EQU 0x28       ; Define the memory location for unused temporary storage (not used in this code)
                      00037 ; ---------------------------------------------------
                      00038 ; -----------                   Code Area                 -----------
                      00039 ; ---------------------------------------------------
                      00040 
Warning[205]: Found directive in column 1. (ORG)
MPASM  5.50                          MAIN.ASM   7-26-2023  1:11:51         PAGE  2


LOC  OBJECT CODE     LINE SOURCE TEXT
  VALUE

                      00041 ORG 0x00              ; Set the program counter to address 0x00 (start of program)
Warning[203]: Found opcode in column 1. (NOP)
0000   0000           00042 NOP                   ; No operation (dummy instruction)
0001   2???           00043         GOTO INIT             ; Jump to the initialization code
                      00044 
Warning[205]: Found directive in column 1. (ORG)
                      00045 ORG 0x04              ; Set the program counter to address 0x04 (interrupt service routine)
0004   0000           00046         NOP
                      00047 
0005   1C8B           00048         BTFSS   INTCON, INTF    ; based on INTCON INTF Bit
0006   2???           00049         GOTO    TIMER_INTERUPT
0007   2???           00050         GOTO    BUTTON_INTERUPT
                      00051 
                      00052 
0008                  00053 TIMER_INTERUPT:
0008   1283 1303      00054         BANKSEL INTCON
000A   138B           00055         BCF INTCON, GIE
000B   1283 1303      00056         BANKSEL PORTA
Message[305]: Using default destination of 1 (file).
000D   0BBB           00057         DECFSZ  TIMER_INDEX
000E   2???           00058         GOTO    SKIP
Message[305]: Using default destination of 1 (file).
000F   0AB4           00059         INCF CURSOR
0010   0834           00060         MOVF CURSOR, 0
0011   2???           00061         CALL SEND_LCD_COMMAND
0012   3030           00062         MOVLW '0'
0013   2???           00063         CALL SEND_LCD_DATA
0014   0834           00064         MOVF CURSOR, 0
0015   2???           00065         CALL SEND_LCD_COMMAND
0016   301E           00066         MOVLW D'30'
0017   00BB           00067         MOVWF TIMER_INDEX
0018                  00068 SKIP:
0018   1283 1303      00069         BANKSEL TMR0
001A   0181           00070         CLRF TMR0
001B   1283 1303      00071         BANKSEL INTCON
001D   110B           00072         BCF INTCON, T0IF ; Clear the TMR0 ov flag
001E   178B           00073         BSF INTCON, GIE ; ENABLE GLOBAL INTERUPTS
001F   1283 1303      00074         BANKSEL PORTA
0021   0009           00075     RETFIE
                      00076 
                      00077 
0022                  00078 BUTTON_INTERUPT:
0022   2???           00079         CALL RESET_TIMER
0023   1283 1303      00080         BANKSEL INTCON
0025   108B           00081         BCF INTCON, INTF
0026   120B           00082         BCF INTCON, INTE
0027   0834           00083         MOVF CURSOR, 0
0028   3CC0           00084         SUBLW 0xC0
0029   1903           00085         BTFSC STATUS, Z
002A   2???           00086         GOTO INC_C1
002B   0834           00087         MOVF CURSOR, 0
002C   3CC1           00088         SUBLW 0xC1
002D   1903           00089         BTFSC STATUS, Z
MPASM  5.50                          MAIN.ASM   7-26-2023  1:11:51         PAGE  3


LOC  OBJECT CODE     LINE SOURCE TEXT
  VALUE

002E   2???           00090         GOTO INC_C2
002F   0834           00091         MOVF CURSOR, 0
0030   3CC2           00092         SUBLW 0xC2
0031   1903           00093         BTFSC STATUS, Z
0032   2???           00094         GOTO INC_C3
0033   0834           00095         MOVF CURSOR, 0
0034   3CC3           00096         SUBLW 0xC3
0035   1903           00097         BTFSC STATUS, Z
0036   2???           00098         GOTO INC_C4
0037   0834           00099         MOVF CURSOR, 0
0038   3CC4           00100         SUBLW 0xC4
0039   1903           00101         BTFSC STATUS, Z
003A   2???           00102         GOTO INC_C5
003B                  00103 INC_C1:
Message[305]: Using default destination of 1 (file).
003B   0AA9           00104         INCF C1                         ; INCREMENT THE DIGIT
003C   0829           00105         MOVF C1, 0                      ; LOAD IT TO W
003D   3C37           00106         SUBLW '7'                       ; CHECK IF IT HAS EXCEEDED '7'
003E   1903           00107         BTFSC STATUS, Z         ; IF IT HAS RESET THE COUNTER
003F   2???           00108         CALL RESET_COUNTER_C1
0040   0829           00109         MOVF C1, 0                      ; MOVE THE NEW COUNTER VALUE TO W
0041   2???           00110         call SEND_LCD_DATA      
0042   0834           00111         MOVF CURSOR, 0  
0043   2???           00112         call SEND_LCD_COMMAND
0044   2???           00113         goto INTERUPT_END
0045                  00114 INC_C2:
0045   0829           00115         MOVF C1, 0
0046   3C36           00116         SUBLW '6'               
0047   1903           00117         BTFSC STATUS, Z ; CHECK IF C1 == 6
0048   2???           00118         GOTO c2_to_five
0049                  00119 c2_to_nine:
Message[305]: Using default destination of 1 (file).
0049   0AAA           00120         INCF C2                         ; INCREMENT THE DIGIT
004A   082A           00121         MOVF C2, 0                      ; LOAD IT TO W
004B   3C3A           00122         SUBLW 0x3A                      ; CHECK IF IT HAS EXCEEDED '9'
004C   1903           00123         BTFSC STATUS, Z         ; IF IT HAS RESET THE COUNTER
004D   2???           00124         CALL RESET_COUNTER_C2
004E   082A           00125         MOVF C2, 0                      ; MOVE THE NEW COUNTER VALUE TO W
004F   2???           00126         call SEND_LCD_DATA      
0050   0834           00127         MOVF CURSOR, 0  
0051   2???           00128         call SEND_LCD_COMMAND
0052   2???           00129         goto INTERUPT_END
0053                  00130 c2_to_five:
Message[305]: Using default destination of 1 (file).
0053   0AAA           00131         INCF C2                         ; INCREMENT THE DIGIT
0054   082A           00132         MOVF C2, 0                      ; LOAD IT TO W
0055   3C36           00133         SUBLW '6'                       ; CHECK IF IT HAS EXCEEDED '5'
0056   1903           00134         BTFSC STATUS, Z         ; IF IT HAS RESET THE COUNTER
0057   2???           00135         CALL RESET_COUNTER_C2
0058   082A           00136         MOVF C2, 0                      ; MOVE THE NEW COUNTER VALUE TO W
0059   2???           00137         call SEND_LCD_DATA      
005A   0834           00138         MOVF CURSOR, 0  
005B   2???           00139         call SEND_LCD_COMMAND
MPASM  5.50                          MAIN.ASM   7-26-2023  1:11:51         PAGE  4


LOC  OBJECT CODE     LINE SOURCE TEXT
  VALUE

005C   2???           00140         goto INTERUPT_END       
005D                  00141 INC_C3:
005D   082A           00142         MOVF C2, 0
005E   3C35           00143         SUBLW '5'               ; Check if the last digit is 5
005F   1903           00144         BTFSC STATUS, Z
0060   2???           00145         goto check_c1_c3
0061                  00146 c3_to_nine:
Message[305]: Using default destination of 1 (file).
0061   0AAB           00147         INCF C3                         ; INCREMENT THE DIGIT
0062   082B           00148         MOVF C3, 0                      ; LOAD IT TO W
0063   3C3A           00149         SUBLW 0x3A                      ; CHECK IF IT HAS EXCEEDED '9'
0064   1903           00150         BTFSC STATUS, Z         ; IF IT HAS RESET THE COUNTER
0065   2???           00151         CALL RESET_COUNTER_C3
0066   082B           00152         MOVF C3, 0                      ; MOVE THE NEW COUNTER VALUE TO W
0067   2???           00153         call SEND_LCD_DATA      
0068   0834           00154         MOVF CURSOR, 0  
0069   2???           00155         call SEND_LCD_COMMAND
006A   2???           00156         goto INTERUPT_END
006B                  00157 c3_to_five:
Message[305]: Using default destination of 1 (file).
006B   0AAB           00158         INCF C3                         ; INCREMENT THE DIGIT
006C   082B           00159         MOVF C3, 0                      ; LOAD IT TO W
006D   3C36           00160         SUBLW '6'                       ; CHECK IF IT HAS EXCEEDED '9'
006E   1903           00161         BTFSC STATUS, Z         ; IF IT HAS RESET THE COUNTER
006F   2???           00162         CALL RESET_COUNTER_C3
0070   082B           00163         MOVF C3, 0                      ; MOVE THE NEW COUNTER VALUE TO W
0071   2???           00164         call SEND_LCD_DATA      
0072   0834           00165         MOVF CURSOR, 0  
0073   2???           00166         call SEND_LCD_COMMAND
0074   2???           00167         goto INTERUPT_END
                      00168         
0075                  00169 INC_C4:
0075   082B           00170         MOVF C3, 0
0076   3C35           00171         SUBLW '5'
0077   1903           00172         BTFSC STATUS, Z
0078   2???           00173         goto check_c2_c4
0079                  00174 c4_to_nine:
Message[305]: Using default destination of 1 (file).
0079   0AAC           00175         INCF C4                 ; INCREMENT THE DIGIT
007A   082C           00176         MOVF C4, 0                      ; LOAD IT TO W
007B   3C3A           00177         SUBLW 0x3A                      ; CHECK IF IT HAS EXCEEDED '9'
007C   1903           00178         BTFSC STATUS, Z         ; IF IT HAS RESET THE COUNTER
007D   2???           00179         CALL RESET_COUNTER_C4
007E   082C           00180         MOVF C4, 0                      ; MOVE THE NEW COUNTER VALUE TO W
007F   2???           00181         call SEND_LCD_DATA      
0080   0834           00182         MOVF CURSOR, 0  
0081   2???           00183         call SEND_LCD_COMMAND
0082   2???           00184         goto INTERUPT_END
0083                  00185 c4_to_three:
Message[305]: Using default destination of 1 (file).
0083   0AAC           00186         INCF C4                 ; INCREMENT THE DIGIT
0084   082C           00187         MOVF C4, 0                      ; LOAD IT TO W
0085   3C34           00188         SUBLW '4'                       ; CHECK IF IT HAS EXCEEDED '9'
MPASM  5.50                          MAIN.ASM   7-26-2023  1:11:51         PAGE  5


LOC  OBJECT CODE     LINE SOURCE TEXT
  VALUE

0086   1903           00189         BTFSC STATUS, Z         ; IF IT HAS RESET THE COUNTER
0087   2???           00190         CALL RESET_COUNTER_C4
0088   082C           00191         MOVF C4, 0                      ; MOVE THE NEW COUNTER VALUE TO W
0089   2???           00192         call SEND_LCD_DATA      
008A   0834           00193         MOVF CURSOR, 0  
008B   2???           00194         call SEND_LCD_COMMAND
008C   2???           00195         goto INTERUPT_END
008D                  00196 INC_C5:
008D   082C           00197         MOVF C4, 0
008E   3C33           00198         SUBLW '3'
008F   1903           00199         BTFSC STATUS, Z
0090   2???           00200         goto check_c3_c5
0091                  00201 c5_to_nine:
Message[305]: Using default destination of 1 (file).
0091   0AAD           00202         INCF C5                         ; INCREMENT THE DIGIT
0092   082D           00203         MOVF C5, 0                      ; LOAD IT TO W
0093   3C3A           00204         SUBLW 0x3A                      ; CHECK IF IT HAS EXCEEDED '9'
0094   1903           00205         BTFSC STATUS, Z         ; IF IT HAS RESET THE COUNTER
0095   2???           00206         CALL RESET_COUNTER_C5
0096   082D           00207         MOVF C5, 0                      ; MOVE THE NEW COUNTER VALUE TO W
0097   2???           00208         call SEND_LCD_DATA      
0098   0834           00209         MOVF CURSOR, 0  
0099   2???           00210         call SEND_LCD_COMMAND
009A   2???           00211         goto INTERUPT_END
009B                  00212 c5_to_five:
Message[305]: Using default destination of 1 (file).
009B   0AAD           00213         INCF C5                         ; INCREMENT THE DIGIT
009C   082D           00214         MOVF C5, 0                      ; LOAD IT TO W
009D   3C36           00215         SUBLW '6'                       ; CHECK IF IT HAS EXCEEDED '9'
009E   1903           00216         BTFSC STATUS, Z         ; IF IT HAS RESET THE COUNTER
009F   2???           00217         CALL RESET_COUNTER_C5
00A0   082D           00218         MOVF C5, 0                      ; MOVE THE NEW COUNTER VALUE TO W
00A1   2???           00219         call SEND_LCD_DATA      
00A2   0834           00220         MOVF CURSOR, 0  
00A3   2???           00221         call SEND_LCD_COMMAND
00A4   2???           00222         goto INTERUPT_END
                      00223 
00A5                  00224 INTERUPT_END:
00A5   1283 1303      00225         BANKSEL INTCON
00A7   108B           00226         BCF INTCON, INTF
00A8   100C           00227         BCF     PIR1,TMR1IF     ; clear the TMR1 ov flag 
00A9   160B           00228         BSF INTCON, INTE        
00AA   1283 1303      00229         BANKSEL PORTA
00AC   0009           00230         RETFIE
                      00231 
00AD                  00232 RESET_COUNTER_C1:
00AD   3030           00233         MOVLW '0'
00AE   00A9           00234         MOVWF C1
00AF   0008           00235         RETURN
00B0                  00236 RESET_COUNTER_C2:
00B0   3030           00237         MOVLW '0'
00B1   00AA           00238         MOVWF C2
00B2   0008           00239         RETURN
MPASM  5.50                          MAIN.ASM   7-26-2023  1:11:51         PAGE  6


LOC  OBJECT CODE     LINE SOURCE TEXT
  VALUE

00B3                  00240 RESET_COUNTER_C3:
00B3   3030           00241         MOVLW '0'
00B4   00AB           00242         MOVWF C3
00B5   0008           00243         RETURN
00B6                  00244 RESET_COUNTER_C4:
00B6   3030           00245         MOVLW '0'
00B7   00AC           00246         MOVWF C4
00B8   0008           00247         RETURN
00B9                  00248 RESET_COUNTER_C5:
00B9   3030           00249         MOVLW '0'
00BA   00AD           00250         MOVWF C5
00BB   0008           00251         RETURN
                      00252 ; ==========================================================================
                      00253 ;                                               END INTERUPTS
                      00254 ;                                                                                         
                      00255 ; ===========================================================================
00BC                  00256 INIT:
00BC   3030           00257         MOVLW '0'
00BD   00A9           00258         MOVWF C1
00BE   00AA           00259         MOVWF C2
00BF   00AB           00260         MOVWF C3
00C0   00AC           00261         MOVWF C4
00C1   00AD           00262         MOVWF C5
00C2   30C0           00263         MOVLW 0xC0
00C3   00B4           00264         MOVWF CURSOR
00C4   300F           00265         MOVLW D'15'
00C5   00BB           00266         MOVWF TIMER_INDEX
00C6   2???           00267         CALL INTERUPT_INIT
00C7   2???           00268         CALL PORTS_INIT
00C8   2???           00269         CALL INIT_DISPLAY
00C9   2???           00270         CALL INTITIAL_MESSAGE
00CA                  00271 START: 
00CA   00B9           00272         MOVWF NumbHi
00CB   00BA           00273         MOVWF NumbLo
00CC   2???           00274         CALL HexBCD
00CD   2???           00275         GOTO loop
                      00276 
                      00277 ; ==========================================================================
                      00278 ;                                               INTERUPTS & PORTS
                      00279 ;                                                                                         
                      00280 ; ===========================================================================
00CE                  00281 INTERUPT_INIT: 
00CE   1283 1303      00282         BANKSEL INTCON
00D0   178B           00283         BSF INTCON, GIE                 ; ENABLE GLOBAL INTERUPTS
00D1   160B           00284         BSF INTCON, INTE                ; ENABLE RB0 INTERUPT BIT
00D2   168B           00285         BSF INTCON, T0IE        ; Enable Timer0 Interrupts
00D3   1683 1303      00286         BANKSEL OPTION_REG
00D5   3007           00287         MOVLW 07h
Message[302]: Register in operand not in bank 0.  Ensure that bank bits are correct.
00D6   0081           00288         MOVWF OPTION_REG ;Prescaler set to maximum
00D7   110B           00289         BCF INTCON, T0IF ; Clear the TMR0 ov flag
00D8   1283 1303      00290         BANKSEL PORTA
00DA   0008           00291         RETURN
MPASM  5.50                          MAIN.ASM   7-26-2023  1:11:51         PAGE  7


LOC  OBJECT CODE     LINE SOURCE TEXT
  VALUE

00DB                  00292 PORTS_INIT:
                      00293         ; Convert PORTA into a digital 
00DB   1683 1303      00294         BANKSEL TRISA
Message[302]: Register in operand not in bank 0.  Ensure that bank bits are correct.
00DD   0185           00295         CLRF TRISA      ; SET ALL PINS AS OUTPUT
00DE   1283 1303      00296         BANKSEL PORTA
00E0   0185           00297         CLRF PORTA
00E1   1683 1303      00298         BANKSEL ADCON1
00E3   3006           00299         MOVLW 0x06
Message[302]: Register in operand not in bank 0.  Ensure that bank bits are correct.
00E4   009F           00300         MOVWF ADCON1
                      00301         ; SET PORTB PIN0 AS AN INPUT
00E5   1683 1303      00302         BANKSEL TRISB
Message[302]: Register in operand not in bank 0.  Ensure that bank bits are correct.
00E7   0186           00303         CLRF TRISB
Message[302]: Register in operand not in bank 0.  Ensure that bank bits are correct.
00E8   1406           00304         BSF TRISB, 0
00E9   1283 1303      00305         BANKSEL PORTA
00EB   0008           00306         RETURN
00EC                  00307 RESET_TIMER:
00EC   1283 1303      00308         BANKSEL PORTA
00EE   301E           00309         MOVLW D'30'
00EF   00BB           00310         MOVWF TIMER_INDEX
00F0   150B           00311         BSF INTCON, T0IF ; Clear the TMR0 ov flag
00F1   0008           00312         RETURN
                      00313 ; ==========================================================================
                      00314 ;                                               DISPLAY AND DELAYS
                      00315 ;                                                                                         
                      00316 ; ===========================================================================
00F2                  00317 xms:
00F2   00F1           00318         MOVWF   TimerX                  ; Count for X ms
00F3                  00319 loopX:  
00F3   2???           00320         CALL    onems                   ; Delay 1ms
Message[305]: Using default destination of 1 (file).
00F4   0BF1           00321         DECFSZ  TimerX                  ; Repeat X times 
00F5   2???           00322         GOTO    loopX                   ; until Z
00F6   0008           00323         RETURN                                  ; and finish
00F7                  00324 onems:  
00F7   30F9           00325         MOVLW   D'249'                  ; Count for 1ms delay 
00F8   00F0           00326         MOVWF   Timer1                  ; Load count
00F9                  00327 loop1:
00F9   0000           00328         NOP                                             ; Pad for 4 cycle loop
Message[305]: Using default destination of 1 (file).
00FA   0BF0           00329         DECFSZ  Timer1                  ; Count
00FB   2???           00330         GOTO    loop1                   ; until Z
00FC   0008           00331         RETURN                          ; and finish
00FD                  00332 INIT_DISPLAY:
00FD   3064           00333         MOVLW D'100'
00FE   2???           00334         CALL xms
00FF   3003           00335         MOVLW 0x03
0100   0085           00336         MOVWF PORTA ; SEND 0x03 
0101   2???           00337         CALL ENABLE_PULSE
0102   2???           00338         call onems
MPASM  5.50                          MAIN.ASM   7-26-2023  1:11:51         PAGE  8


LOC  OBJECT CODE     LINE SOURCE TEXT
  VALUE

0103   2???           00339         call onems
0104   2???           00340         call onems
0105   2???           00341         call onems
0106   2???           00342         call onems
0107   2???           00343         CALL ENABLE_PULSE
0108   2???           00344         call onems
0109   2???           00345         CALL ENABLE_PULSE
010A   1005           00346         BCF PORTA, 0
010B   2???           00347         CALL ENABLE_PULSE
010C   3002           00348         MOVLW   0x2             ; Set 4-bit mode, 2 lines 0x28
010D   0085           00349         MOVWF PORTA
010E   2???           00350         call ENABLE_PULSE
010F   2???           00351         call onems
0110   3008           00352         MOVLW 0x8
0111   0185           00353         CLRF PORTA
0112   0085           00354         MOVWF PORTA
0113   2???           00355         call ENABLE_PULSE
0114   2???           00356         call onems
0115   0185           00357         CLRF PORTA
0116   2???           00358         call ENABLE_PULSE
0117   2???           00359         call onems
0118   300E           00360         MOVLW 0xE       ; ENABLE BLINKING
0119   0085           00361         MOVWF PORTA
011A   2???           00362         call ENABLE_PULSE
011B   2???           00363         call onems
011C   0008           00364         RETURN          
                      00365 
011D                  00366 ENABLE_PULSE:
011D   1685           00367         BSF PORTA, E
011E   2???           00368         call onems
011F   2???           00369         call onems
0120   2???           00370         call onems
0121   2???           00371         call onems
0122   2???           00372         call onems
0123   1285           00373         BCF PORTA, E
0124   2???           00374         call onems
0125   2???           00375         call onems
0126   2???           00376         call onems
0127   2???           00377         call onems
0128   2???           00378         call onems
0129   0008           00379         RETURN
                      00380 
012A                  00381 SEND_LCD_DATA:
012A   00A8           00382         MOVWF TEMP_W            ; SAVE A COPY OF W
Message[305]: Using default destination of 1 (file).
012B   0EA8           00383         SWAPF  TEMP_W           ; SWAP THE HIGHER NIBBLE WITH THE LOWER
012C   0828           00384         MOVF TEMP_W, 0          ; RELOAD THE SWAPPED NIBBLES TO W
012D   390F           00385         ANDLW 0x0F                      ; GET RID OF THE "HIGHER NIBBLE" (LOWER ORIGINALY)
012E   0085           00386         MOVWF PORTA                     ; STORE THE "LOWER NIBBLE" (HIGHER ORIGINALY) IN PORTA
012F   1605           00387         BSF PORTA, RS           ; SELECT DATA REGISTER
0130   2???           00388         call ENABLE_PULSE       ; SEND PULSE
0131   2???           00389         call onems
Message[305]: Using default destination of 1 (file).
MPASM  5.50                          MAIN.ASM   7-26-2023  1:11:51         PAGE  9


LOC  OBJECT CODE     LINE SOURCE TEXT
  VALUE

0132   0EA8           00390         SWAPF TEMP_W            ; RESWAP THE NIBBLES
0133   0828           00391         MOVF TEMP_W, 0          ; STORE IT BACK IN W
0134   390F           00392         ANDLW 0x0F                      ; GET RID OF THE "HIGHER NIBBLE"
0135   0085           00393         MOVWF PORTA                     ; STORE THE LOWER NIBBLE IN W
0136   1605           00394         BSF PORTA, RS           ; SELECT DATA REGISTER
0137   2???           00395         call ENABLE_PULSE       ; SEND PULSE
0138   2???           00396         call onems
0139   0008           00397         RETURN
                      00398 
013A                  00399 SEND_LCD_COMMAND:
013A   00A8           00400         MOVWF TEMP_W            ; SAVE A COPY OF W
Message[305]: Using default destination of 1 (file).
013B   0EA8           00401         SWAPF  TEMP_W           ; SWAP THE HIGHER NIBBLE WITH THE LOWER
013C   0828           00402         MOVF TEMP_W, 0          ; RELOAD THE SWAPPED NIBBLES TO W
013D   390F           00403         ANDLW 0x0F                      ; GET RID OF THE "HIGHER NIBBLE" (LOWER ORIGINALY)
013E   0085           00404         MOVWF PORTA                     ; STORE THE "LOWER NIBBLE" (HIGHER ORIGINALY) IN PORTA
013F   1205           00405         BCF PORTA, RS           ; SELECT COMMAND REGISTER
0140   2???           00406         call ENABLE_PULSE       ; SEND PULSE
0141   2???           00407         call onems
Message[305]: Using default destination of 1 (file).
0142   0EA8           00408         SWAPF TEMP_W            ; RESWAP THE NIBBLES
0143   0828           00409         MOVF TEMP_W, 0          ; STORE IT BACK IN W
0144   390F           00410         ANDLW 0x0F                      ; GET RID OF THE "HIGHER NIBBLE"
0145   0085           00411         MOVWF PORTA                     ; STORE THE LOWER NIBBLE IN W
0146   1205           00412         BCF PORTA, RS           ; SELECT COMMAND REGISTER
0147   2???           00413         call ENABLE_PULSE       ; SEND PULSE
0148   2???           00414         call onems
0149   0008           00415         RETURN
                      00416 
014A                  00417 INTITIAL_MESSAGE:
014A   3045           00418         MOVLW 'E'
014B   2???           00419         CALL SEND_LCD_DATA
014C   304E           00420         MOVLW 'N'
014D   2???           00421         CALL SEND_LCD_DATA
014E   3054           00422         MOVLW 'T'
014F   2???           00423         CALL SEND_LCD_DATA
0150   3045           00424         MOVLW 'E'
0151   2???           00425         CALL SEND_LCD_DATA
0152   3052           00426         MOVLW 'R'
0153   2???           00427         CALL SEND_LCD_DATA
0154   3020           00428         MOVLW ' '
0155   2???           00429         CALL SEND_LCD_DATA
0156   304E           00430         MOVLW 'N'
0157   2???           00431         CALL SEND_LCD_DATA
0158   3055           00432         MOVLW 'U'
0159   2???           00433         CALL SEND_LCD_DATA
015A   304D           00434         MOVLW 'M'
015B   2???           00435         CALL SEND_LCD_DATA
015C   3031           00436         MOVLW '1'
015D   2???           00437         CALL SEND_LCD_DATA
015E   303A           00438         MOVLW ':'
015F   2???           00439         CALL SEND_LCD_DATA
0160   30C0           00440         MOVLW 0xC0
MPASM  5.50                          MAIN.ASM   7-26-2023  1:11:51         PAGE 10


LOC  OBJECT CODE     LINE SOURCE TEXT
  VALUE

0161   2???           00441         CALL SEND_LCD_COMMAND
0162   3030           00442         MOVLW '0'
0163   2???           00443         CALL SEND_LCD_DATA
0164   0834           00444         MOVF CURSOR, 0
0165   2???           00445         CALL SEND_LCD_COMMAND
0166   0008           00446         RETURN
                      00447 ; ==========================================================================
                      00448 ;                                                       NUMBERS & CONVERSIONS
                      00449 ;                                                                                         
                      00450 ; ===========================================================================
0167                  00451 HexBCD: 
0167   3010           00452         movlw d'16'
0168   00B8           00453         movwf MCount
0169   01B5           00454         clrf BCDvalH
016A   01B6           00455         clrf BCDvalM
016B   01B7           00456         clrf BCDvalL
016C   1003           00457         bcf STATUS,C
                      00458 
016D                  00459 loop16:  
016D   0DBA           00460         rlf NumbLo,F
016E   0DB9           00461         rlf NumbHi,F
016F   0DB7           00462         rlf BCDvalL,F
0170   0DB6           00463         rlf BCDvalM,F
0171   0DB5           00464         rlf BCDvalH,F
                      00465 
0172   03B8           00466         decf MCount,F
0173   1903           00467         btfsc STATUS,Z
0174   0008           00468         return
                      00469 
0175                  00470 adjDEC:   
0175   3037           00471         movlw BCDvalL
0176   0084           00472         movwf FSR
0177   2???           00473         call adjBCD
0178   3036           00474         movlw BCDvalM
0179   0084           00475         movwf FSR
017A   2???           00476         call adjBCD
017B   3035           00477         movlw BCDvalH
017C   0084           00478         movwf FSR
017D   2???           00479         call adjBCD
017E   2???           00480         goto loop16
                      00481 
017F                  00482 adjBCD 
017F   3003           00483         movlw d'3'
0180   0700           00484         addwf INDF,W
0181   00BB           00485         movwf Temp
0182   19BB           00486         btfsc Temp,3
0183   0080           00487         movwf INDF
0184   3030           00488         movlw 30h
0185   0700           00489         addwf INDF,W
0186   00BB           00490         movwf Temp
0187   1BBB           00491         btfsc Temp,7
0188   0080           00492         movwf INDF
0189   0008           00493         return
MPASM  5.50                          MAIN.ASM   7-26-2023  1:11:51         PAGE 11


LOC  OBJECT CODE     LINE SOURCE TEXT
  VALUE

                      00494 ; ==========================================================================
                      00495 ;                                               ARETHMETIC OPERATIONS 
                      00496 ;                                                                                         
                      00497 ; ===========================================================================
018A                  00498 ADD:
018A   01A6           00499         CLRF RESULT_LSB       ; Clear the result's Least Significant Byte
018B   01A7           00500         CLRF RESULT_MSB       ; Clear the result's Most Significant Byte
018C   0820           00501         MOVF R1_LSB, 0        ; Move the value in R1_LSB to W register
018D   0722           00502         ADDWF R2_LSB, 0       ; Add the value in W to R2_LSB (result in R2_LSB with no carry)
018E   1803           00503         BTFSC STATUS, 0       ; Check if there was a carry from the previous addition
Message[305]: Using default destination of 1 (file).
018F   0AA7           00504         INCF RESULT_MSB       ; If carry, increment the result's Most Significant Byte
0190   00A6           00505         MOVWF RESULT_LSB      ; Move the result of addition to the result's Least Significant Byte
0191   0821           00506         MOVF R1_MSB, 0        ; Move the value in R1_MSB to W register
0192   0723           00507         ADDWF R2_MSB, 0       ; Add the value in W to R2_MSB (result in R2_MSB with carry)
Message[305]: Using default destination of 1 (file).
0193   07A7           00508         ADDWF RESULT_MSB      ; Add the result of addition to the result's Most Significant Byte
0194   0008           00509         RETURN               ; Return from the subroutine
                      00510 
0195                  00511 SUB:
0195   0922           00512         COMF R2_LSB, 0        ; Compute the two's complement of R2_LSB
0196   0724           00513         ADDWF TEMP_LSB, 0     ; Add 1 to get the two's complement
0197   1803           00514         BTFSC STATUS, 0       ; Check if there was a carry from the previous addition
Message[305]: Using default destination of 1 (file).
0198   0AA5           00515         INCF TEMP_MSB         ; If there was a carry, increment TEMP_MSB
0199   3E01           00516         ADDLW 0x01            ; Add 1 to W register
019A   1803           00517         BTFSC STATUS, 0       ; Check if there was a carry from the previous addition
Message[305]: Using default destination of 1 (file).
019B   0AA5           00518         INCF TEMP_MSB         ; If there was a carry, increment TEMP_MSB
019C   00A4           00519         MOVWF TEMP_LSB        ; Move the result of two's complement to TEMP_LSB
019D   0923           00520         COMF R2_MSB, 0        ; Compute the two's complement of R2_MSB
019E   0725           00521         ADDWF TEMP_MSB, 0     ; Add 1 to get the two's complement
019F   00A5           00522         MOVWF TEMP_MSB        ; Move the result of two's complement to TEMP_MSB
01A0   0008           00523         RETURN                ; Return from the subroutine
                      00524 
01A1                  00525 DIVIDE:
01A1   01A7           00526         CLRF RESULT_MSB       ; Clear the result's Most Significant Byte
01A2   01A6           00527         CLRF RESULT_LSB       ; Clear the result's Least Significant Byte
01A3   0820           00528         MOVF R1_LSB, 0        ; Move the value in R1_LSB to TEMP_LSB (temporary storage)
01A4   00A4           00529         MOVWF TEMP_LSB
01A5   0821           00530         MOVF R1_MSB, 0        ; Move the value in R1_MSB to TEMP_MSB (temporary storage)
01A6   00A5           00531         MOVWF TEMP_MSB
01A7                  00532 DIVLOOP:
01A7   2???           00533         CALL SUB              ; Call the SUB subroutine to perform subtraction
01A8   1C03           00534         BTFSS STATUS, 0       ; Check if there was a borrow (no carry) from the previous subtraction
01A9   2???           00535         GOTO DIVEND           ; If no borrow, exit the loop (division complete)
Message[305]: Using default destination of 1 (file).
01AA   0AA6           00536         INCF RESULT_LSB       ; Increment the result's Least Significant Byte
01AB   1903           00537         BTFSC STATUS, 2       ; Check if the register is overflown
Message[305]: Using default destination of 1 (file).
01AC   0AA7           00538         INCF RESULT_MSB       ; If it is, increment the result's Most Significant Byte
01AD   2???           00539         GOTO DIVLOOP          ; Continue the division loop
01AE                  00540 DIVEND:
MPASM  5.50                          MAIN.ASM   7-26-2023  1:11:51         PAGE 12


LOC  OBJECT CODE     LINE SOURCE TEXT
  VALUE

01AE   0008           00541         RETURN                ; Return from the DIVIDE subroutine
01AF                  00542 MOD:
01AF   01A7           00543         CLRF RESULT_MSB       ; Clear the result's Most Significant Byte (initialize to 0)
01B0   01A6           00544         CLRF RESULT_LSB       ; Clear the result's Least Significant Byte (initialize to 0)
01B1   0820           00545         MOVF R1_LSB, 0        ; Move the value in R1_LSB to TEMP_LSB (temporary storage)
01B2   00A4           00546         MOVWF TEMP_LSB
01B3   0821           00547         MOVF R1_MSB, 0        ; Move the value in R1_MSB to TEMP_MSB (temporary storage)
01B4   00A5           00548         MOVWF TEMP_MSB
01B5                  00549 MODLOOP:
01B5   2???           00550         CALL SUB              ; Call the SUB subroutine to perform subtraction
01B6   1C03           00551         BTFSS STATUS, 0       ; Check if there was a borrow (no carry) from the previous subtraction
01B7   2???           00552         GOTO MODEND           ; If no borrow, exit the loop (modulo operation complete)
01B8   2???           00553         GOTO MODLOOP          ; Continue the modulo loop
                      00554 
01B9                  00555 MODEND:
01B9   0822           00556         MOVF R2_LSB, 0        ; Move the value in R2_LSB to W register
01BA   0724           00557         ADDWF TEMP_LSB, 0     ; Add the value in W to TEMP_LSB (carry ignored as it's not needed)
01BB   1803           00558         BTFSC STATUS, 0       ; Check if there was a carry from the addition
Message[305]: Using default destination of 1 (file).
01BC   0AA7           00559         INCF RESULT_MSB       ; If carry, increment the result's Most Significant Byte
01BD   00A6           00560         MOVWF RESULT_LSB      ; Move the result of the addition to the result's Least Significant Byte
                      00561 
01BE   0823           00562         MOVF R2_MSB, 0        ; Move the value in R2_MSB to W register
01BF   0725           00563         ADDWF TEMP_MSB, 0     ; Add the value in W to TEMP_MSB (carry ignored as it's not needed)
Message[305]: Using default destination of 1 (file).
01C0   07A7           00564         ADDWF RESULT_MSB      ; Add the result of the addition to the result's Most Significant Byte
                      00565 
01C1   0008           00566         RETURN                  ; Return from the MOD subroutine              
                      00567 
                      00568 ; ==========================================================================
                      00569 ;                                               INCREMENTS
                      00570 ;                                                                                         
                      00571 ; ===========================================================================
01C2                  00572 check_c1_c3:
01C2   0829           00573         MOVF C1, 0
01C3   3C36           00574         SUBLW '6'
01C4   1903           00575         BTFSC STATUS, Z
01C5   2???           00576         goto c3_to_five
01C6   2???           00577         goto c3_to_nine
01C7                  00578 check_c2_c4:
01C7   082A           00579         MOVF C2, 0
01C8   3C35           00580         SUBLW '5'
01C9   1903           00581         BTFSC STATUS, Z
01CA   2???           00582         goto check_c1_c4
01CB   2???           00583         goto c4_to_nine
01CC                  00584 check_c1_c4:
01CC   0829           00585         MOVF C1, 0
01CD   3C36           00586         SUBLW '6'
01CE   1903           00587         BTFSC STATUS, Z
01CF   2???           00588         goto c4_to_three
01D0   2???           00589         goto c4_to_nine
01D1                  00590 check_c3_c5:
01D1   082B           00591         MOVF C3, 0
MPASM  5.50                          MAIN.ASM   7-26-2023  1:11:51         PAGE 13


LOC  OBJECT CODE     LINE SOURCE TEXT
  VALUE

01D2   3C35           00592         SUBLW '5'
01D3   1903           00593         BTFSC STATUS, Z
01D4   2???           00594         goto check_c2_c5
01D5   2???           00595         goto c5_to_nine
01D6                  00596 check_c2_c5:
01D6   082A           00597         MOVF C2, 0
01D7   3C35           00598         SUBLW '5'
01D8   1903           00599         BTFSC STATUS, Z
01D9   2???           00600         goto check_c1_c5
01DA   2???           00601         goto c5_to_nine
01DB                  00602 check_c1_c5:
01DB   0829           00603         MOVF C1, 0
01DC   3C36           00604         SUBLW '6'
01DD   1903           00605         BTFSC STATUS, Z
01DE   2???           00606         goto c5_to_five
01DF   2???           00607         goto c5_to_nine
                      00608 
01E0                  00609 loop:
01E0   2???           00610         GOTO loop
3731                  00611         END                  ; End of the progra
MPASM  5.50                          MAIN.ASM   7-26-2023  1:11:51         PAGE 14


SYMBOL TABLE
  LABEL                             VALUE 

ACKDT                             00000005
ACKEN                             00000004
ACKSTAT                           00000006
ADCON0                            0000001F
ADCON1                            0000009F
ADCS0                             00000006
ADCS1                             00000007
ADCS2                             00000006
ADD                               0000018A
ADDEN                             00000003
ADFM                              00000007
ADIE                              00000006
ADIF                              00000006
ADON                              00000000
ADRESH                            0000001E
ADRESL                            0000009E
BCDvalH                           00000035
BCDvalL                           00000037
BCDvalM                           00000036
BCLIE                             00000003
BCLIF                             00000003
BF                                00000000
BRGH                              00000002
BUTTON_INTERUPT                   00000022
C                                 00000000
C1                                00000029
C1INV                             00000004
C1OUT                             00000006
C2                                0000002A
C2INV                             00000005
C2OUT                             00000007
C3                                0000002B
C4                                0000002C
C5                                0000002D
CCP1CON                           00000017
CCP1IE                            00000002
CCP1IF                            00000002
CCP1M0                            00000000
CCP1M1                            00000001
CCP1M2                            00000002
CCP1M3                            00000003
CCP1X                             00000005
CCP1Y                             00000004
CCP2CON                           0000001D
CCP2IE                            00000000
CCP2IF                            00000000
CCP2M0                            00000000
CCP2M1                            00000001
CCP2M2                            00000002
CCP2M3                            00000003
CCP2X                             00000005
CCP2Y                             00000004
CCPR1                             00000015
MPASM  5.50                          MAIN.ASM   7-26-2023  1:11:51         PAGE 15


SYMBOL TABLE
  LABEL                             VALUE 

CCPR1H                            00000016
CCPR1L                            00000015
CCPR2                             0000001B
CCPR2H                            0000001C
CCPR2L                            0000001B
CHS0                              00000003
CHS1                              00000004
CHS2                              00000005
CIS                               00000003
CKE                               00000006
CKP                               00000004
CM0                               00000000
CM1                               00000001
CM2                               00000002
CMCON                             0000009C
CMIE                              00000006
CMIF                              00000006
CREN                              00000004
CSRC                              00000007
CURSOR                            00000034
CVR0                              00000000
CVR1                              00000001
CVR2                              00000002
CVR3                              00000003
CVRCON                            0000009D
CVREN                             00000007
CVROE                             00000006
CVRR                              00000005
D                                 00000005
DATA_ADDRESS                      00000005
DC                                00000001
DIVEND                            000001AE
DIVIDE                            000001A1
DIVLOOP                           000001A7
D_A                               00000005
D_NOT_A                           00000005
E                                 00000005
EEADR                             0000010D
EEADRH                            0000010F
EECON1                            0000018C
EECON2                            0000018D
EEDATA                            0000010C
EEDATH                            0000010E
EEIE                              00000004
EEIF                              00000004
EEPGD                             00000007
ENABLE_PULSE                      0000011D
F                                 00000001
FERR                              00000002
FSR                               00000004
GCEN                              00000007
GIE                               00000007
GO                                00000002
MPASM  5.50                          MAIN.ASM   7-26-2023  1:11:51         PAGE 16


SYMBOL TABLE
  LABEL                             VALUE 

GO_DONE                           00000002
GO_NOT_DONE                       00000002
HexBCD                            00000167
I2C_DATA                          00000005
I2C_READ                          00000002
I2C_START                         00000003
I2C_STOP                          00000004
IBF                               00000007
IBOV                              00000005
INC_C1                            0000003B
INC_C2                            00000045
INC_C3                            0000005D
INC_C4                            00000075
INC_C5                            0000008D
INDF                              00000000
INIT                              000000BC
INIT_DISPLAY                      000000FD
INTCON                            0000000B
INTE                              00000004
INTEDG                            00000006
INTERUPT_END                      000000A5
INTERUPT_INIT                     000000CE
INTF                              00000001
INTITIAL_MESSAGE                  0000014A
IRP                               00000007
MCount                            00000038
MOD                               000001AF
MODEND                            000001B9
MODLOOP                           000001B5
NOT_A                             00000005
NOT_ADDRESS                       00000005
NOT_BO                            00000000
NOT_BOR                           00000000
NOT_DONE                          00000002
NOT_PD                            00000003
NOT_POR                           00000001
NOT_RBPU                          00000007
NOT_RC8                           00000006
NOT_T1SYNC                        00000002
NOT_TO                            00000004
NOT_TX8                           00000006
NOT_W                             00000002
NOT_WRITE                         00000002
NumbHi                            00000039
NumbLo                            0000003A
OBF                               00000006
OERR                              00000001
OPTION_REG                        00000081
P                                 00000004
PCFG0                             00000000
PCFG1                             00000001
PCFG2                             00000002
PCFG3                             00000003
MPASM  5.50                          MAIN.ASM   7-26-2023  1:11:51         PAGE 17


SYMBOL TABLE
  LABEL                             VALUE 

PCL                               00000002
PCLATH                            0000000A
PCON                              0000008E
PEIE                              00000006
PEN                               00000002
PIE1                              0000008C
PIE2                              0000008D
PIR1                              0000000C
PIR2                              0000000D
PORTA                             00000005
PORTB                             00000006
PORTC                             00000007
PORTD                             00000008
PORTE                             00000009
PORTS_INIT                        000000DB
PR2                               00000092
PS0                               00000000
PS1                               00000001
PS2                               00000002
PSA                               00000003
PSPIE                             00000007
PSPIF                             00000007
PSPMODE                           00000004
R                                 00000002
R1_LSB                            00000020
R1_MSB                            00000021
R2_LSB                            00000022
R2_MSB                            00000023
RA0                               00000000
RA1                               00000001
RA2                               00000002
RA3                               00000003
RA4                               00000004
RA5                               00000005
RB0                               00000000
RB1                               00000001
RB2                               00000002
RB3                               00000003
RB4                               00000004
RB5                               00000005
RB6                               00000006
RB7                               00000007
RBIE                              00000003
RBIF                              00000000
RC0                               00000000
RC1                               00000001
RC2                               00000002
RC3                               00000003
RC4                               00000004
RC5                               00000005
RC6                               00000006
RC7                               00000007
RC8_9                             00000006
MPASM  5.50                          MAIN.ASM   7-26-2023  1:11:51         PAGE 18


SYMBOL TABLE
  LABEL                             VALUE 

RC9                               00000006
RCD8                              00000000
RCEN                              00000003
RCIE                              00000005
RCIF                              00000005
RCREG                             0000001A
RCSTA                             00000018
RD                                00000000
RD0                               00000000
RD1                               00000001
RD2                               00000002
RD3                               00000003
RD4                               00000004
RD5                               00000005
RD6                               00000006
RD7                               00000007
RE0                               00000000
RE1                               00000001
RE2                               00000002
READ_WRITE                        00000002
RESET_COUNTER_C1                  000000AD
RESET_COUNTER_C2                  000000B0
RESET_COUNTER_C3                  000000B3
RESET_COUNTER_C4                  000000B6
RESET_COUNTER_C5                  000000B9
RESET_TIMER                       000000EC
RESULT_LSB                        00000026
RESULT_MSB                        00000027
RP0                               00000005
RP1                               00000006
RS                                00000004
RSEN                              00000001
RX9                               00000006
RX9D                              00000000
R_NOT_W                           00000002
R_W                               00000002
S                                 00000003
SEN                               00000000
SEND_LCD_COMMAND                  0000013A
SEND_LCD_DATA                     0000012A
SKIP                              00000018
SMP                               00000007
SPBRG                             00000099
SPEN                              00000007
SREN                              00000005
SSPADD                            00000093
SSPBUF                            00000013
SSPCON                            00000014
SSPCON2                           00000091
SSPEN                             00000005
SSPIE                             00000003
SSPIF                             00000003
SSPM0                             00000000
MPASM  5.50                          MAIN.ASM   7-26-2023  1:11:51         PAGE 19


SYMBOL TABLE
  LABEL                             VALUE 

SSPM1                             00000001
SSPM2                             00000002
SSPM3                             00000003
SSPOV                             00000006
SSPSTAT                           00000094
START                             000000CA
STATUS                            00000003
SUB                               00000195
SYNC                              00000004
T0CS                              00000005
T0IE                              00000005
T0IF                              00000002
T0SE                              00000004
T1CKPS0                           00000004
T1CKPS1                           00000005
T1CON                             00000010
T1INSYNC                          00000002
T1OSCEN                           00000003
T1SYNC                            00000002
T2CKPS0                           00000000
T2CKPS1                           00000001
T2CON                             00000012
TEMP_LSB                          00000024
TEMP_MSB                          00000025
TEMP_W                            00000028
TIMER_INDEX                       0000003B
TIMER_INTERUPT                    00000008
TMR0                              00000001
TMR0IE                            00000005
TMR0IF                            00000002
TMR1                              0000000E
TMR1CS                            00000001
TMR1H                             0000000F
TMR1IE                            00000000
TMR1IF                            00000000
TMR1L                             0000000E
TMR1ON                            00000000
TMR2                              00000011
TMR2IE                            00000001
TMR2IF                            00000001
TMR2ON                            00000002
TOUTPS0                           00000003
TOUTPS1                           00000004
TOUTPS2                           00000005
TOUTPS3                           00000006
TRISA                             00000085
TRISA0                            00000000
TRISA1                            00000001
TRISA2                            00000002
TRISA3                            00000003
TRISA4                            00000004
TRISA5                            00000005
TRISB                             00000086
MPASM  5.50                          MAIN.ASM   7-26-2023  1:11:51         PAGE 20


SYMBOL TABLE
  LABEL                             VALUE 

TRISB0                            00000000
TRISB1                            00000001
TRISB2                            00000002
TRISB3                            00000003
TRISB4                            00000004
TRISB5                            00000005
TRISB6                            00000006
TRISB7                            00000007
TRISC                             00000087
TRISC0                            00000000
TRISC1                            00000001
TRISC2                            00000002
TRISC3                            00000003
TRISC4                            00000004
TRISC5                            00000005
TRISC6                            00000006
TRISC7                            00000007
TRISD                             00000088
TRISD0                            00000000
TRISD1                            00000001
TRISD2                            00000002
TRISD3                            00000003
TRISD4                            00000004
TRISD5                            00000005
TRISD6                            00000006
TRISD7                            00000007
TRISE                             00000089
TRISE0                            00000000
TRISE1                            00000001
TRISE2                            00000002
TRMT                              00000001
TX8_9                             00000006
TX9                               00000006
TX9D                              00000000
TXD8                              00000000
TXEN                              00000005
TXIE                              00000004
TXIF                              00000004
TXREG                             00000019
TXSTA                             00000098
Temp                              0000003B
Timer1                            00000070
TimerX                            00000071
UA                                00000001
W                                 00000000
WCOL                              00000007
WR                                00000001
WREN                              00000002
WRERR                             00000003
Z                                 00000002
_BODEN_OFF                        00003FBF
_BODEN_ON                         00003FFF
_BOREN_OFF                        00003FBF
MPASM  5.50                          MAIN.ASM   7-26-2023  1:11:51         PAGE 21


SYMBOL TABLE
  LABEL                             VALUE 

_BOREN_ON                         00003FFF
_CONFIG                           00002007
_CPD_OFF                          00003FFF
_CPD_ON                           00003EFF
_CP_ALL                           00001FFF
_CP_OFF                           00003FFF
_CP_ON                            00001FFF
_DEBUG_OFF                        00003FFF
_DEBUG_ON                         000037FF
_DEVID1                           00002006
_FOSC_EXTRC                       00003FFF
_FOSC_HS                          00003FFE
_FOSC_LP                          00003FFC
_FOSC_XT                          00003FFD
_HS_OSC                           00003FFE
_IDLOC0                           00002000
_IDLOC1                           00002001
_IDLOC2                           00002002
_IDLOC3                           00002003
_LP_OSC                           00003FFC
_LVP_OFF                          00003F7F
_LVP_ON                           00003FFF
_PWRTE_OFF                        00003FFF
_PWRTE_ON                         00003FF7
_RC_OSC                           00003FFF
_WDTE_OFF                         00003FFB
_WDTE_ON                          00003FFF
_WDT_OFF                          00003FFB
_WDT_ON                           00003FFF
_WRT_1FOURTH                      00003BFF
_WRT_256                          00003DFF
_WRT_HALF                         000039FF
_WRT_OFF                          00003FFF
_XT_OSC                           00003FFD
__16F877A                         00000001
__DEBUG                           1
adjBCD                            0000017F
adjDEC                            00000175
c2_to_five                        00000053
c2_to_nine                        00000049
c3_to_five                        0000006B
c3_to_nine                        00000061
c4_to_nine                        00000079
c4_to_three                       00000083
c5_to_five                        0000009B
c5_to_nine                        00000091
check_c1_c3                       000001C2
check_c1_c4                       000001CC
check_c1_c5                       000001DB
check_c2_c4                       000001C7
check_c2_c5                       000001D6
check_c3_c5                       000001D1
loop                              000001E0
MPASM  5.50                          MAIN.ASM   7-26-2023  1:11:51         PAGE 22


SYMBOL TABLE
  LABEL                             VALUE 

loop1                             000000F9
loop16                            0000016D
loopX                             000000F3
onems                             000000F7
xms                               000000F2

Errors   :     0
Warnings :     6 reported,     0 suppressed
Messages :    30 reported,     0 suppressed

