MPASM  5.50                          MAIN.ASM   7-22-2023  14:30:57         PAGE  1


LOC  OBJECT CODE     LINE SOURCE TEXT
  VALUE

                      00001 
Warning[205]: Found directive in column 1. (PROCESSOR)
                      00002 PROCESSOR 16F877A
Warning[205]: Found directive in column 1. (INCLUDE)
                      00003 INCLUDE "p16f877a.inc"
                      00001         LIST
                      00002 
                      00003 ;==========================================================================
                      00004 ;  MPASM PIC16F877A processor include
                      00005 ; 
                      00006 ;  (c) Copyright 1999-2013 Microchip Technology, All rights reserved
                      00007 ;==========================================================================
                      00008 
                      00566         LIST
                      00004 
                      00005 
Warning[205]: Found directive in column 1. (__CONFIG)
2007   3731           00006 __CONFIG 0x3731 ;
                      00007 ; ---------------------------------------------------
                      00008 ; -----------           Data Area                         -----------
                      00009 ; ---------------------------------------------------
  00000020            00010 R1_LSB EQU 0x20       ; Define the memory location for R1's Least Significant Byte
  00000021            00011 R1_MSB EQU 0x21       ; Define the memory location for R1's Most Significant Byte
  00000022            00012 R2_LSB EQU 0x22       ; Define the memory location for R2's Least Significant Byte
  00000023            00013 R2_MSB EQU 0x23       ; Define the memory location for R2's Most Significant Byte
  00000024            00014 TEMP_LSB EQU 0x24     ; Define the memory location for temporary storage (Least Significant Byte)
  00000025            00015 TEMP_MSB EQU 0x25     ; Define the memory location for temporary storage (Most Significant Byte)
  00000026            00016 RESULT_LSB EQU 0x26   ; Define the memory location for the result (Least Significant Byte)
  00000027            00017 RESULT_MSB EQU 0x27   ; Define the memory location for the result (Most Significant Byte)
  00000029            00018 C1 EQU 0x29
  00000030            00019 C2 EQU 0x30
  00000031            00020 C3 EQU 0x31
  00000032            00021 C4 EQU 0x32
  00000033            00022 C5 EQU 0x33
  00000070            00023 Timer1  EQU     70              
  00000071            00024 TimerX  EQU     71              
  00000005            00025 E EQU 5
  00000004            00026 RS EQU 4
  00000028            00027 TEMP_W EQU 0x28       ; Define the memory location for unused temporary storage (not used in this code)
                      00028 ; ---------------------------------------------------
                      00029 ; -----------                   Code Area                 -----------
                      00030 ; ---------------------------------------------------
                      00031 
Warning[205]: Found directive in column 1. (ORG)
                      00032 ORG 0x00              ; Set the program counter to address 0x00 (start of program)
Warning[203]: Found opcode in column 1. (NOP)
0000   0000           00033 NOP                   ; No operation (dummy instruction)
Warning[203]: Found opcode in column 1. (GOTO)
0001   2???           00034 GOTO INIT             ; Jump to the initialization code
                      00035 
Warning[205]: Found directive in column 1. (ORG)
                      00036 ORG 0x04              ; Set the program counter to address 0x04 (interrupt service routine)
Warning[203]: Found opcode in column 1. (GOTO)
MPASM  5.50                          MAIN.ASM   7-22-2023  14:30:57         PAGE  2


LOC  OBJECT CODE     LINE SOURCE TEXT
  VALUE

0004   2???           00037 GOTO ISR              ; Jump to the interrupt service routine
0005                  00038 ISR: 
0005   1283 1303      00039         BANKSEL INTCON
0007   108B           00040         BCF INTCON, INTF
0008   120B           00041         BCF INTCON, INTE
                      00042         ; Interrupt Here
                      00043 
0009   1283 1303      00044         BANKSEL INTCON
000B   160B           00045         BSF INTCON, INTE
000C   1283 1303      00046         BANKSEL PORTA
000E   0009           00047         retfie                ; Return from interrupt
                      00048 
000F                  00049 INIT:
000F   30C0           00050         MOVLW 0xC0
0010   00A9           00051         MOVWF C1
0011   30C1           00052         MOVLW 0xC1
0012   00B0           00053         MOVWF C2
0013   30C2           00054         MOVLW 0xC2
0014   00B1           00055         MOVWF C3
0015   30C3           00056         MOVLW 0xC3
0016   00B2           00057         MOVWF C4
0017   30C4           00058         MOVLW 0xC4
0018   00B3           00059         MOVWF C5
                      00060         
0019   2???           00061         CALL INIT_DISPLAY
001A   2???           00062         CALL INTITIAL_MESSAGE
001B   01A0           00063         CLRF  R1_LSB          ; Clear R1's Least Significant Byte (initialize to 0)
001C   01A1           00064         CLRF R1_MSB           ; Clear R1's Most Significant Byte (initialize to 0)
001D   01A2           00065         CLRF R2_LSB           ; Clear R2's Least Significant Byte (initialize to 0)
001E   01A3           00066         CLRF R2_MSB           ; Clear R2's Most Significant Byte (initialize to 0)
001F   01A4           00067         CLRF TEMP_LSB         ; Clear temporary storage (Least Significant Byte) (initialize to 0)
0020   01A5           00068         CLRF TEMP_MSB         ; Clear temporary storage (Most Significant Byte) (initialize to 0)
0021   01A8           00069         CLRF TEMP_W           ; Clear unused temporary storage (initialize to 0)
0022   0103           00070         CLRW                  ; Clear W register (working register) (initialize to 0)
                      00071 
0023                  00072 START: 
0023   3049           00073         MOVLW 0x49             ; Load W register with the value 0x40
0024   00A0           00074         MOVWF R1_LSB           ; Move the value in W to R1's Least Significant Byte
0025   3006           00075         MOVLW 0x06             ; Load W register with the value 0x06
0026   00A1           00076         MOVWF R1_MSB           ; Move the value in W to R1's Most Significant Byte
0027   300A           00077         MOVLW 0xA            ; Load W register with the value 0x90
0028   00A2           00078         MOVWF R2_LSB           ; Move the value in W to R2's Least Significant Byte
0029   3000           00079         MOVLW 0x0             ; Load W register with the value 0x01
002A   00A3           00080         MOVWF R2_MSB           ; Move the value in W to R2's Most Significant Byte
002B   2???           00081         CALL MOD            ; Call the DIVIDE subroutine to perform division
002C   2???           00082         GOTO loop
002D                  00083 ADD:
002D   01A6           00084         CLRF RESULT_LSB       ; Clear the result's Least Significant Byte
002E   01A7           00085         CLRF RESULT_MSB       ; Clear the result's Most Significant Byte
002F   0820           00086         MOVF R1_LSB, 0        ; Move the value in R1_LSB to W register
0030   0722           00087         ADDWF R2_LSB, 0       ; Add the value in W to R2_LSB (result in R2_LSB with no carry)
0031   1803           00088         BTFSC STATUS, 0       ; Check if there was a carry from the previous addition
Message[305]: Using default destination of 1 (file).
MPASM  5.50                          MAIN.ASM   7-22-2023  14:30:57         PAGE  3


LOC  OBJECT CODE     LINE SOURCE TEXT
  VALUE

0032   0AA7           00089         INCF RESULT_MSB       ; If carry, increment the result's Most Significant Byte
0033   00A6           00090         MOVWF RESULT_LSB      ; Move the result of addition to the result's Least Significant Byte
0034   0821           00091         MOVF R1_MSB, 0        ; Move the value in R1_MSB to W register
0035   0723           00092         ADDWF R2_MSB, 0       ; Add the value in W to R2_MSB (result in R2_MSB with carry)
Message[305]: Using default destination of 1 (file).
0036   07A7           00093         ADDWF RESULT_MSB      ; Add the result of addition to the result's Most Significant Byte
0037   0008           00094         RETURN               ; Return from the subroutine
                      00095 
0038                  00096 SUB:
0038   0922           00097         COMF R2_LSB, 0        ; Compute the two's complement of R2_LSB
0039   0724           00098         ADDWF TEMP_LSB, 0     ; Add 1 to get the two's complement
003A   1803           00099         BTFSC STATUS, 0       ; Check if there was a carry from the previous addition
Message[305]: Using default destination of 1 (file).
003B   0AA5           00100         INCF TEMP_MSB         ; If there was a carry, increment TEMP_MSB
003C   3E01           00101         ADDLW 0x01            ; Add 1 to W register
003D   1803           00102         BTFSC STATUS, 0       ; Check if there was a carry from the previous addition
Message[305]: Using default destination of 1 (file).
003E   0AA5           00103         INCF TEMP_MSB         ; If there was a carry, increment TEMP_MSB
003F   00A4           00104         MOVWF TEMP_LSB        ; Move the result of two's complement to TEMP_LSB
0040   0923           00105         COMF R2_MSB, 0        ; Compute the two's complement of R2_MSB
0041   0725           00106         ADDWF TEMP_MSB, 0     ; Add 1 to get the two's complement
0042   00A5           00107         MOVWF TEMP_MSB        ; Move the result of two's complement to TEMP_MSB
0043   0008           00108         RETURN                ; Return from the subroutine
                      00109 
0044                  00110 DIVIDE:
0044   01A7           00111         CLRF RESULT_MSB       ; Clear the result's Most Significant Byte
0045   01A6           00112         CLRF RESULT_LSB       ; Clear the result's Least Significant Byte
0046   0820           00113         MOVF R1_LSB, 0        ; Move the value in R1_LSB to TEMP_LSB (temporary storage)
0047   00A4           00114         MOVWF TEMP_LSB
0048   0821           00115         MOVF R1_MSB, 0        ; Move the value in R1_MSB to TEMP_MSB (temporary storage)
0049   00A5           00116         MOVWF TEMP_MSB
004A                  00117 DIVLOOP:
004A   2???           00118         CALL SUB              ; Call the SUB subroutine to perform subtraction
004B   1C03           00119         BTFSS STATUS, 0       ; Check if there was a borrow (no carry) from the previous subtraction
004C   2???           00120         GOTO DIVEND           ; If no borrow, exit the loop (division complete)
Message[305]: Using default destination of 1 (file).
004D   0AA6           00121         INCF RESULT_LSB       ; Increment the result's Least Significant Byte
004E   1903           00122         BTFSC STATUS, 2       ; Check if the register is overflown
Message[305]: Using default destination of 1 (file).
004F   0AA7           00123         INCF RESULT_MSB       ; If it is, increment the result's Most Significant Byte
0050   2???           00124         GOTO DIVLOOP          ; Continue the division loop
0051                  00125 DIVEND:
0051   0008           00126         RETURN                ; Return from the DIVIDE subroutine
0052                  00127 MOD:
0052   01A7           00128         CLRF RESULT_MSB       ; Clear the result's Most Significant Byte (initialize to 0)
0053   01A6           00129         CLRF RESULT_LSB       ; Clear the result's Least Significant Byte (initialize to 0)
0054   0820           00130         MOVF R1_LSB, 0        ; Move the value in R1_LSB to TEMP_LSB (temporary storage)
0055   00A4           00131         MOVWF TEMP_LSB
0056   0821           00132         MOVF R1_MSB, 0        ; Move the value in R1_MSB to TEMP_MSB (temporary storage)
0057   00A5           00133         MOVWF TEMP_MSB
0058                  00134 MODLOOP:
0058   2???           00135         CALL SUB              ; Call the SUB subroutine to perform subtraction
0059   1C03           00136         BTFSS STATUS, 0       ; Check if there was a borrow (no carry) from the previous subtraction
MPASM  5.50                          MAIN.ASM   7-22-2023  14:30:57         PAGE  4


LOC  OBJECT CODE     LINE SOURCE TEXT
  VALUE

005A   2???           00137         GOTO MODEND           ; If no borrow, exit the loop (modulo operation complete)
005B   2???           00138         GOTO MODLOOP          ; Continue the modulo loop
                      00139 
005C                  00140 MODEND:
005C   0822           00141         MOVF R2_LSB, 0        ; Move the value in R2_LSB to W register
005D   0724           00142         ADDWF TEMP_LSB, 0     ; Add the value in W to TEMP_LSB (carry ignored as it's not needed)
005E   1803           00143         BTFSC STATUS, 0       ; Check if there was a carry from the addition
Message[305]: Using default destination of 1 (file).
005F   0AA7           00144         INCF RESULT_MSB       ; If carry, increment the result's Most Significant Byte
0060   00A6           00145         MOVWF RESULT_LSB      ; Move the result of the addition to the result's Least Significant Byte
                      00146 
0061   0823           00147         MOVF R2_MSB, 0        ; Move the value in R2_MSB to W register
0062   0725           00148         ADDWF TEMP_MSB, 0     ; Add the value in W to TEMP_MSB (carry ignored as it's not needed)
Message[305]: Using default destination of 1 (file).
0063   07A7           00149         ADDWF RESULT_MSB      ; Add the result of the addition to the result's Most Significant Byte
                      00150 
0064   0008           00151         RETURN                  ; Return from the MOD subroutine              
                      00152 
0065                  00153 xms:
0065   00F1           00154         MOVWF   TimerX                  ; Count for X ms
0066                  00155 loopX:  
0066   2???           00156         CALL    onems                   ; Delay 1ms
Message[305]: Using default destination of 1 (file).
0067   0BF1           00157         DECFSZ  TimerX                  ; Repeat X times 
0068   2???           00158         GOTO    loopX                   ; until Z
0069   0008           00159         RETURN                                  ; and finish
006A                  00160 onems:  
006A   30F9           00161         MOVLW   D'249'                  ; Count for 1ms delay 
006B   00F0           00162         MOVWF   Timer1                  ; Load count
006C                  00163 loop1:
006C   0000           00164         NOP                                             ; Pad for 4 cycle loop
Message[305]: Using default destination of 1 (file).
006D   0BF0           00165         DECFSZ  Timer1                  ; Count
006E   2???           00166         GOTO    loop1                   ; until Z
006F   0008           00167         RETURN                          ; and finish
0070                  00168 INIT_DISPLAY:
0070   3064           00169         MOVLW D'100'
0071   2???           00170         CALL xms
                      00171 
                      00172         ; CLEARING AND CONVERTING PORTA TO DIGITAL
0072   1683 1303      00173         BANKSEL TRISA
Message[302]: Register in operand not in bank 0.  Ensure that bank bits are correct.
0074   0185           00174         CLRF TRISA
0075   1283 1303      00175         BANKSEL PORTA
0077   0185           00176         CLRF PORTA
0078   1683 1303      00177         BANKSEL ADCON1
007A   3006           00178         MOVLW 0x06
Message[302]: Register in operand not in bank 0.  Ensure that bank bits are correct.
007B   009F           00179         MOVWF ADCON1
007C   1283 1303      00180         BANKSEL PORTA
                      00181         ; ---------------------------------------
007E   3003           00182         MOVLW 0x03
007F   0085           00183         MOVWF PORTA ; SEND 0x03 
MPASM  5.50                          MAIN.ASM   7-22-2023  14:30:57         PAGE  5


LOC  OBJECT CODE     LINE SOURCE TEXT
  VALUE

0080   2???           00184         CALL ENABLE_PULSE
0081   2???           00185         call onems
0082   2???           00186         call onems
0083   2???           00187         call onems
0084   2???           00188         call onems
0085   2???           00189         call onems
0086   2???           00190         CALL ENABLE_PULSE
0087   2???           00191         call onems
0088   2???           00192         CALL ENABLE_PULSE
0089   1005           00193         BCF PORTA, 0
008A   2???           00194         CALL ENABLE_PULSE
008B   3002           00195         MOVLW   0x2             ; Set 4-bit mode, 2 lines 0x28
008C   0085           00196         MOVWF PORTA
008D   2???           00197         call ENABLE_PULSE
008E   2???           00198         call onems
008F   3008           00199         MOVLW 0x8
0090   0185           00200         CLRF PORTA
0091   0085           00201         MOVWF PORTA
0092   2???           00202         call ENABLE_PULSE
0093   2???           00203         call onems
0094   0185           00204         CLRF PORTA
0095   2???           00205         call ENABLE_PULSE
0096   2???           00206         call onems
0097   300F           00207         MOVLW 0xf       ; ENABLE BLINKING
0098   0085           00208         MOVWF PORTA
0099   2???           00209         call ENABLE_PULSE
009A   2???           00210         call onems
009B   0008           00211         RETURN          
                      00212 
009C                  00213 ENABLE_PULSE:
009C   1685           00214         BSF PORTA, E
009D   2???           00215         call onems
009E   2???           00216         call onems
009F   2???           00217         call onems
00A0   2???           00218         call onems
00A1   2???           00219         call onems
00A2   1285           00220         BCF PORTA, E
00A3   2???           00221         call onems
00A4   2???           00222         call onems
00A5   2???           00223         call onems
00A6   2???           00224         call onems
00A7   2???           00225         call onems
00A8   0008           00226         RETURN
00A9                  00227 SEND_LCD_DATA:
00A9   00A8           00228         MOVWF TEMP_W            ; SAVE A COPY OF W
Message[305]: Using default destination of 1 (file).
00AA   0EA8           00229         SWAPF  TEMP_W           ; SWAP THE HIGHER NIBBLE WITH THE LOWER
00AB   0828           00230         MOVF TEMP_W, 0          ; RELOAD THE SWAPPED NIBBLES TO W
00AC   390F           00231         ANDLW 0x0F                      ; GET RID OF THE "HIGHER NIBBLE" (LOWER ORIGINALY)
00AD   0085           00232         MOVWF PORTA                     ; STORE THE "LOWER NIBBLE" (HIGHER ORIGINALY) IN PORTA
00AE   1605           00233         BSF PORTA, RS           ; SELECT DATA REGISTER
00AF   2???           00234         call ENABLE_PULSE       ; SEND PULSE
00B0   2???           00235         call onems
MPASM  5.50                          MAIN.ASM   7-22-2023  14:30:57         PAGE  6


LOC  OBJECT CODE     LINE SOURCE TEXT
  VALUE

Message[305]: Using default destination of 1 (file).
00B1   0EA8           00236         SWAPF TEMP_W            ; RESWAP THE NIBBLES
00B2   0828           00237         MOVF TEMP_W, 0          ; STORE IT BACK IN W
00B3   390F           00238         ANDLW 0x0F                      ; GET RID OF THE "HIGHER NIBBLE"
00B4   0085           00239         MOVWF PORTA                     ; STORE THE LOWER NIBBLE IN W
00B5   1605           00240         BSF PORTA, RS           ; SELECT DATA REGISTER
00B6   2???           00241         call ENABLE_PULSE       ; SEND PULSE
00B7   2???           00242         call onems
00B8   0008           00243         RETURN
00B9                  00244 SEND_LCD_COMMAND:
00B9   00A8           00245         MOVWF TEMP_W            ; SAVE A COPY OF W
Message[305]: Using default destination of 1 (file).
00BA   0EA8           00246         SWAPF  TEMP_W           ; SWAP THE HIGHER NIBBLE WITH THE LOWER
00BB   0828           00247         MOVF TEMP_W, 0          ; RELOAD THE SWAPPED NIBBLES TO W
00BC   390F           00248         ANDLW 0x0F                      ; GET RID OF THE "HIGHER NIBBLE" (LOWER ORIGINALY)
00BD   0085           00249         MOVWF PORTA                     ; STORE THE "LOWER NIBBLE" (HIGHER ORIGINALY) IN PORTA
00BE   1205           00250         BCF PORTA, RS           ; SELECT COMMAND REGISTER
00BF   2???           00251         call ENABLE_PULSE       ; SEND PULSE
00C0   2???           00252         call onems
Message[305]: Using default destination of 1 (file).
00C1   0EA8           00253         SWAPF TEMP_W            ; RESWAP THE NIBBLES
00C2   0828           00254         MOVF TEMP_W, 0          ; STORE IT BACK IN W
00C3   390F           00255         ANDLW 0x0F                      ; GET RID OF THE "HIGHER NIBBLE"
00C4   0085           00256         MOVWF PORTA                     ; STORE THE LOWER NIBBLE IN W
00C5   1205           00257         BCF PORTA, RS           ; SELECT COMMAND REGISTER
00C6   2???           00258         call ENABLE_PULSE       ; SEND PULSE
00C7   2???           00259         call onems
00C8   0008           00260         RETURN
00C9                  00261 INTITIAL_MESSAGE:
00C9   3045           00262         MOVLW 'E'
00CA   2???           00263         CALL SEND_LCD_DATA
00CB   304E           00264         MOVLW 'N'
00CC   2???           00265         CALL SEND_LCD_DATA
00CD   3054           00266         MOVLW 'T'
00CE   2???           00267         CALL SEND_LCD_DATA
00CF   3045           00268         MOVLW 'E'
00D0   2???           00269         CALL SEND_LCD_DATA
00D1   3052           00270         MOVLW 'R'
00D2   2???           00271         CALL SEND_LCD_DATA
00D3   3020           00272         MOVLW ' '
00D4   2???           00273         CALL SEND_LCD_DATA
00D5   304E           00274         MOVLW 'N'
00D6   2???           00275         CALL SEND_LCD_DATA
00D7   3055           00276         MOVLW 'U'
00D8   2???           00277         CALL SEND_LCD_DATA
00D9   304D           00278         MOVLW 'M'
00DA   2???           00279         CALL SEND_LCD_DATA
00DB   3031           00280         MOVLW '1'
00DC   2???           00281         CALL SEND_LCD_DATA
00DD   303A           00282         MOVLW ':'
00DE   2???           00283         CALL SEND_LCD_DATA
00DF   30C0           00284         MOVLW 0xC0
00E0   2???           00285         CALL SEND_LCD_COMMAND
MPASM  5.50                          MAIN.ASM   7-22-2023  14:30:57         PAGE  7


LOC  OBJECT CODE     LINE SOURCE TEXT
  VALUE

00E1   3030           00286         MOVLW '0'
00E2   2???           00287         CALL SEND_LCD_DATA
00E3   0829           00288         MOVF C1, 0
00E4   2???           00289         CALL SEND_LCD_COMMAND
00E5   0008           00290         RETURN
                      00291 
00E6                  00292 loop:
00E6   0063           00293         SLEEP
3731                  00294         END                  ; End of the program
MPASM  5.50                          MAIN.ASM   7-22-2023  14:30:57         PAGE  8


SYMBOL TABLE
  LABEL                             VALUE 

ACKDT                             00000005
ACKEN                             00000004
ACKSTAT                           00000006
ADCON0                            0000001F
ADCON1                            0000009F
ADCS0                             00000006
ADCS1                             00000007
ADCS2                             00000006
ADD                               0000002D
ADDEN                             00000003
ADFM                              00000007
ADIE                              00000006
ADIF                              00000006
ADON                              00000000
ADRESH                            0000001E
ADRESL                            0000009E
BCLIE                             00000003
BCLIF                             00000003
BF                                00000000
BRGH                              00000002
C                                 00000000
C1                                00000029
C1INV                             00000004
C1OUT                             00000006
C2                                00000030
C2INV                             00000005
C2OUT                             00000007
C3                                00000031
C4                                00000032
C5                                00000033
CCP1CON                           00000017
CCP1IE                            00000002
CCP1IF                            00000002
CCP1M0                            00000000
CCP1M1                            00000001
CCP1M2                            00000002
CCP1M3                            00000003
CCP1X                             00000005
CCP1Y                             00000004
CCP2CON                           0000001D
CCP2IE                            00000000
CCP2IF                            00000000
CCP2M0                            00000000
CCP2M1                            00000001
CCP2M2                            00000002
CCP2M3                            00000003
CCP2X                             00000005
CCP2Y                             00000004
CCPR1                             00000015
CCPR1H                            00000016
CCPR1L                            00000015
CCPR2                             0000001B
CCPR2H                            0000001C
MPASM  5.50                          MAIN.ASM   7-22-2023  14:30:57         PAGE  9


SYMBOL TABLE
  LABEL                             VALUE 

CCPR2L                            0000001B
CHS0                              00000003
CHS1                              00000004
CHS2                              00000005
CIS                               00000003
CKE                               00000006
CKP                               00000004
CM0                               00000000
CM1                               00000001
CM2                               00000002
CMCON                             0000009C
CMIE                              00000006
CMIF                              00000006
CREN                              00000004
CSRC                              00000007
CVR0                              00000000
CVR1                              00000001
CVR2                              00000002
CVR3                              00000003
CVRCON                            0000009D
CVREN                             00000007
CVROE                             00000006
CVRR                              00000005
D                                 00000005
DATA_ADDRESS                      00000005
DC                                00000001
DIVEND                            00000051
DIVIDE                            00000044
DIVLOOP                           0000004A
D_A                               00000005
D_NOT_A                           00000005
E                                 00000005
EEADR                             0000010D
EEADRH                            0000010F
EECON1                            0000018C
EECON2                            0000018D
EEDATA                            0000010C
EEDATH                            0000010E
EEIE                              00000004
EEIF                              00000004
EEPGD                             00000007
ENABLE_PULSE                      0000009C
F                                 00000001
FERR                              00000002
FSR                               00000004
GCEN                              00000007
GIE                               00000007
GO                                00000002
GO_DONE                           00000002
GO_NOT_DONE                       00000002
I2C_DATA                          00000005
I2C_READ                          00000002
I2C_START                         00000003
MPASM  5.50                          MAIN.ASM   7-22-2023  14:30:57         PAGE 10


SYMBOL TABLE
  LABEL                             VALUE 

I2C_STOP                          00000004
IBF                               00000007
IBOV                              00000005
INDF                              00000000
INIT                              0000000F
INIT_DISPLAY                      00000070
INTCON                            0000000B
INTE                              00000004
INTEDG                            00000006
INTF                              00000001
INTITIAL_MESSAGE                  000000C9
IRP                               00000007
ISR                               00000005
MOD                               00000052
MODEND                            0000005C
MODLOOP                           00000058
NOT_A                             00000005
NOT_ADDRESS                       00000005
NOT_BO                            00000000
NOT_BOR                           00000000
NOT_DONE                          00000002
NOT_PD                            00000003
NOT_POR                           00000001
NOT_RBPU                          00000007
NOT_RC8                           00000006
NOT_T1SYNC                        00000002
NOT_TO                            00000004
NOT_TX8                           00000006
NOT_W                             00000002
NOT_WRITE                         00000002
OBF                               00000006
OERR                              00000001
OPTION_REG                        00000081
P                                 00000004
PCFG0                             00000000
PCFG1                             00000001
PCFG2                             00000002
PCFG3                             00000003
PCL                               00000002
PCLATH                            0000000A
PCON                              0000008E
PEIE                              00000006
PEN                               00000002
PIE1                              0000008C
PIE2                              0000008D
PIR1                              0000000C
PIR2                              0000000D
PORTA                             00000005
PORTB                             00000006
PORTC                             00000007
PORTD                             00000008
PORTE                             00000009
PR2                               00000092
MPASM  5.50                          MAIN.ASM   7-22-2023  14:30:57         PAGE 11


SYMBOL TABLE
  LABEL                             VALUE 

PS0                               00000000
PS1                               00000001
PS2                               00000002
PSA                               00000003
PSPIE                             00000007
PSPIF                             00000007
PSPMODE                           00000004
R                                 00000002
R1_LSB                            00000020
R1_MSB                            00000021
R2_LSB                            00000022
R2_MSB                            00000023
RA0                               00000000
RA1                               00000001
RA2                               00000002
RA3                               00000003
RA4                               00000004
RA5                               00000005
RB0                               00000000
RB1                               00000001
RB2                               00000002
RB3                               00000003
RB4                               00000004
RB5                               00000005
RB6                               00000006
RB7                               00000007
RBIE                              00000003
RBIF                              00000000
RC0                               00000000
RC1                               00000001
RC2                               00000002
RC3                               00000003
RC4                               00000004
RC5                               00000005
RC6                               00000006
RC7                               00000007
RC8_9                             00000006
RC9                               00000006
RCD8                              00000000
RCEN                              00000003
RCIE                              00000005
RCIF                              00000005
RCREG                             0000001A
RCSTA                             00000018
RD                                00000000
RD0                               00000000
RD1                               00000001
RD2                               00000002
RD3                               00000003
RD4                               00000004
RD5                               00000005
RD6                               00000006
RD7                               00000007
MPASM  5.50                          MAIN.ASM   7-22-2023  14:30:57         PAGE 12


SYMBOL TABLE
  LABEL                             VALUE 

RE0                               00000000
RE1                               00000001
RE2                               00000002
READ_WRITE                        00000002
RESULT_LSB                        00000026
RESULT_MSB                        00000027
RP0                               00000005
RP1                               00000006
RS                                00000004
RSEN                              00000001
RX9                               00000006
RX9D                              00000000
R_NOT_W                           00000002
R_W                               00000002
S                                 00000003
SEN                               00000000
SEND_LCD_COMMAND                  000000B9
SEND_LCD_DATA                     000000A9
SMP                               00000007
SPBRG                             00000099
SPEN                              00000007
SREN                              00000005
SSPADD                            00000093
SSPBUF                            00000013
SSPCON                            00000014
SSPCON2                           00000091
SSPEN                             00000005
SSPIE                             00000003
SSPIF                             00000003
SSPM0                             00000000
SSPM1                             00000001
SSPM2                             00000002
SSPM3                             00000003
SSPOV                             00000006
SSPSTAT                           00000094
START                             00000023
STATUS                            00000003
SUB                               00000038
SYNC                              00000004
T0CS                              00000005
T0IE                              00000005
T0IF                              00000002
T0SE                              00000004
T1CKPS0                           00000004
T1CKPS1                           00000005
T1CON                             00000010
T1INSYNC                          00000002
T1OSCEN                           00000003
T1SYNC                            00000002
T2CKPS0                           00000000
T2CKPS1                           00000001
T2CON                             00000012
TEMP_LSB                          00000024
MPASM  5.50                          MAIN.ASM   7-22-2023  14:30:57         PAGE 13


SYMBOL TABLE
  LABEL                             VALUE 

TEMP_MSB                          00000025
TEMP_W                            00000028
TMR0                              00000001
TMR0IE                            00000005
TMR0IF                            00000002
TMR1                              0000000E
TMR1CS                            00000001
TMR1H                             0000000F
TMR1IE                            00000000
TMR1IF                            00000000
TMR1L                             0000000E
TMR1ON                            00000000
TMR2                              00000011
TMR2IE                            00000001
TMR2IF                            00000001
TMR2ON                            00000002
TOUTPS0                           00000003
TOUTPS1                           00000004
TOUTPS2                           00000005
TOUTPS3                           00000006
TRISA                             00000085
TRISA0                            00000000
TRISA1                            00000001
TRISA2                            00000002
TRISA3                            00000003
TRISA4                            00000004
TRISA5                            00000005
TRISB                             00000086
TRISB0                            00000000
TRISB1                            00000001
TRISB2                            00000002
TRISB3                            00000003
TRISB4                            00000004
TRISB5                            00000005
TRISB6                            00000006
TRISB7                            00000007
TRISC                             00000087
TRISC0                            00000000
TRISC1                            00000001
TRISC2                            00000002
TRISC3                            00000003
TRISC4                            00000004
TRISC5                            00000005
TRISC6                            00000006
TRISC7                            00000007
TRISD                             00000088
TRISD0                            00000000
TRISD1                            00000001
TRISD2                            00000002
TRISD3                            00000003
TRISD4                            00000004
TRISD5                            00000005
TRISD6                            00000006
MPASM  5.50                          MAIN.ASM   7-22-2023  14:30:57         PAGE 14


SYMBOL TABLE
  LABEL                             VALUE 

TRISD7                            00000007
TRISE                             00000089
TRISE0                            00000000
TRISE1                            00000001
TRISE2                            00000002
TRMT                              00000001
TX8_9                             00000006
TX9                               00000006
TX9D                              00000000
TXD8                              00000000
TXEN                              00000005
TXIE                              00000004
TXIF                              00000004
TXREG                             00000019
TXSTA                             00000098
Timer1                            00000070
TimerX                            00000071
UA                                00000001
W                                 00000000
WCOL                              00000007
WR                                00000001
WREN                              00000002
WRERR                             00000003
Z                                 00000002
_BODEN_OFF                        00003FBF
_BODEN_ON                         00003FFF
_BOREN_OFF                        00003FBF
_BOREN_ON                         00003FFF
_CONFIG                           00002007
_CPD_OFF                          00003FFF
_CPD_ON                           00003EFF
_CP_ALL                           00001FFF
_CP_OFF                           00003FFF
_CP_ON                            00001FFF
_DEBUG_OFF                        00003FFF
_DEBUG_ON                         000037FF
_DEVID1                           00002006
_FOSC_EXTRC                       00003FFF
_FOSC_HS                          00003FFE
_FOSC_LP                          00003FFC
_FOSC_XT                          00003FFD
_HS_OSC                           00003FFE
_IDLOC0                           00002000
_IDLOC1                           00002001
_IDLOC2                           00002002
_IDLOC3                           00002003
_LP_OSC                           00003FFC
_LVP_OFF                          00003F7F
_LVP_ON                           00003FFF
_PWRTE_OFF                        00003FFF
_PWRTE_ON                         00003FF7
_RC_OSC                           00003FFF
_WDTE_OFF                         00003FFB
MPASM  5.50                          MAIN.ASM   7-22-2023  14:30:57         PAGE 15


SYMBOL TABLE
  LABEL                             VALUE 

_WDTE_ON                          00003FFF
_WDT_OFF                          00003FFB
_WDT_ON                           00003FFF
_WRT_1FOURTH                      00003BFF
_WRT_256                          00003DFF
_WRT_HALF                         000039FF
_WRT_OFF                          00003FFF
_XT_OSC                           00003FFD
__16F877A                         00000001
__DEBUG                           1
loop                              000000E6
loop1                             0000006C
loopX                             00000066
onems                             0000006A
xms                               00000065

Errors   :     0
Warnings :     8 reported,     0 suppressed
Messages :    16 reported,     0 suppressed

