MPLINK 4.48, Linker
Linker Map File - Created Sat Jul 22 17:51:10 2023

                                 Section Info
                  Section       Type    Address   Location Size(Bytes)
                ---------  ---------  ---------  ---------  ---------
                   .org_0       code   0x000000    program   0x000004
                   .cinit    romdata   0x000002    program   0x000004
                   .org_1       code   0x000004    program   0x0001e8
      .config_2007_MAIN.O       code   0x002007    program   0x000002



                              Program Memory Usage 
                               Start         End      
                           ---------   ---------      
                            0x000000    0x0000f7      
                            0x002007    0x002007      
            249 out of 8454 program addresses used, program memory utilization is 2%



                              Symbols - Sorted by Name
                     Name    Address   Location    Storage File                     
                ---------  ---------  ---------  --------- ---------                
                      ADD   0x00003d    program     static C:\Users\mabus\Desktop\project_mp\MPLAB\main.asm
                   DIVEND   0x000061    program     static C:\Users\mabus\Desktop\project_mp\MPLAB\main.asm
                   DIVIDE   0x000054    program     static C:\Users\mabus\Desktop\project_mp\MPLAB\main.asm
                  DIVLOOP   0x00005a    program     static C:\Users\mabus\Desktop\project_mp\MPLAB\main.asm
             ENABLE_PULSE   0x0000ac    program     static C:\Users\mabus\Desktop\project_mp\MPLAB\main.asm
                     INIT   0x00001b    program     static C:\Users\mabus\Desktop\project_mp\MPLAB\main.asm
             INIT_DISPLAY   0x000080    program     static C:\Users\mabus\Desktop\project_mp\MPLAB\main.asm
         INTITIAL_MESSAGE   0x0000d9    program     static C:\Users\mabus\Desktop\project_mp\MPLAB\main.asm
                      ISR   0x000005    program     static C:\Users\mabus\Desktop\project_mp\MPLAB\main.asm
                      MOD   0x000062    program     static C:\Users\mabus\Desktop\project_mp\MPLAB\main.asm
                   MODEND   0x00006c    program     static C:\Users\mabus\Desktop\project_mp\MPLAB\main.asm
                  MODLOOP   0x000068    program     static C:\Users\mabus\Desktop\project_mp\MPLAB\main.asm
            RESET_COUNTER   0x000018    program     static C:\Users\mabus\Desktop\project_mp\MPLAB\main.asm
         SEND_LCD_COMMAND   0x0000c9    program     static C:\Users\mabus\Desktop\project_mp\MPLAB\main.asm
            SEND_LCD_DATA   0x0000b9    program     static C:\Users\mabus\Desktop\project_mp\MPLAB\main.asm
                    START   0x000033    program     static C:\Users\mabus\Desktop\project_mp\MPLAB\main.asm
                      SUB   0x000048    program     static C:\Users\mabus\Desktop\project_mp\MPLAB\main.asm
                     loop   0x0000f6    program     static C:\Users\mabus\Desktop\project_mp\MPLAB\main.asm
                    loop1   0x00007c    program     static C:\Users\mabus\Desktop\project_mp\MPLAB\main.asm
                    loopX   0x000076    program     static C:\Users\mabus\Desktop\project_mp\MPLAB\main.asm
                    onems   0x00007a    program     static C:\Users\mabus\Desktop\project_mp\MPLAB\main.asm
                      xms   0x000075    program     static C:\Users\mabus\Desktop\project_mp\MPLAB\main.asm



                              Symbols - Sorted by Address
                     Name    Address   Location    Storage File                     
                ---------  ---------  ---------  --------- ---------                
                      ISR   0x000005    program     static C:\Users\mabus\Desktop\project_mp\MPLAB\main.asm
            RESET_COUNTER   0x000018    program     static C:\Users\mabus\Desktop\project_mp\MPLAB\main.asm
                     INIT   0x00001b    program     static C:\Users\mabus\Desktop\project_mp\MPLAB\main.asm
                    START   0x000033    program     static C:\Users\mabus\Desktop\project_mp\MPLAB\main.asm
                      ADD   0x00003d    program     static C:\Users\mabus\Desktop\project_mp\MPLAB\main.asm
                      SUB   0x000048    program     static C:\Users\mabus\Desktop\project_mp\MPLAB\main.asm
                   DIVIDE   0x000054    program     static C:\Users\mabus\Desktop\project_mp\MPLAB\main.asm
                  DIVLOOP   0x00005a    program     static C:\Users\mabus\Desktop\project_mp\MPLAB\main.asm
                   DIVEND   0x000061    program     static C:\Users\mabus\Desktop\project_mp\MPLAB\main.asm
                      MOD   0x000062    program     static C:\Users\mabus\Desktop\project_mp\MPLAB\main.asm
                  MODLOOP   0x000068    program     static C:\Users\mabus\Desktop\project_mp\MPLAB\main.asm
                   MODEND   0x00006c    program     static C:\Users\mabus\Desktop\project_mp\MPLAB\main.asm
                      xms   0x000075    program     static C:\Users\mabus\Desktop\project_mp\MPLAB\main.asm
                    loopX   0x000076    program     static C:\Users\mabus\Desktop\project_mp\MPLAB\main.asm
                    onems   0x00007a    program     static C:\Users\mabus\Desktop\project_mp\MPLAB\main.asm
                    loop1   0x00007c    program     static C:\Users\mabus\Desktop\project_mp\MPLAB\main.asm
             INIT_DISPLAY   0x000080    program     static C:\Users\mabus\Desktop\project_mp\MPLAB\main.asm
             ENABLE_PULSE   0x0000ac    program     static C:\Users\mabus\Desktop\project_mp\MPLAB\main.asm
            SEND_LCD_DATA   0x0000b9    program     static C:\Users\mabus\Desktop\project_mp\MPLAB\main.asm
         SEND_LCD_COMMAND   0x0000c9    program     static C:\Users\mabus\Desktop\project_mp\MPLAB\main.asm
         INTITIAL_MESSAGE   0x0000d9    program     static C:\Users\mabus\Desktop\project_mp\MPLAB\main.asm
                     loop   0x0000f6    program     static C:\Users\mabus\Desktop\project_mp\MPLAB\main.asm


