MPLINK 4.48, Linker
Linker Map File - Created Fri Jul 21 16:26:52 2023

                                 Section Info
                  Section       Type    Address   Location Size(Bytes)
                ---------  ---------  ---------  ---------  ---------
                   .org_0       code   0x000000    program   0x000004
                   .cinit    romdata   0x000002    program   0x000004
                   .org_1       code   0x000004    program   0x00003c
      .config_2007_MAIN.O       code   0x002007    program   0x000002



                              Program Memory Usage 
                               Start         End      
                           ---------   ---------      
                            0x000000    0x000021      
                            0x002007    0x002007      
            35 out of 8454 program addresses used, program memory utilization is 0%



                              Symbols - Sorted by Name
                     Name    Address   Location    Storage File                     
                ---------  ---------  ---------  --------- ---------                
                      ADD   0x000017    program     static C:\Users\mabus\Desktop\project_mp\main.asm
                     INIT   0x000007    program     static C:\Users\mabus\Desktop\project_mp\main.asm
                      ISR   0x000005    program     static C:\Users\mabus\Desktop\project_mp\main.asm
                    START   0x00000f    program     static C:\Users\mabus\Desktop\project_mp\main.asm
                     loop   0x000022    program     static C:\Users\mabus\Desktop\project_mp\main.asm



                              Symbols - Sorted by Address
                     Name    Address   Location    Storage File                     
                ---------  ---------  ---------  --------- ---------                
                      ISR   0x000005    program     static C:\Users\mabus\Desktop\project_mp\main.asm
                     INIT   0x000007    program     static C:\Users\mabus\Desktop\project_mp\main.asm
                    START   0x00000f    program     static C:\Users\mabus\Desktop\project_mp\main.asm
                      ADD   0x000017    program     static C:\Users\mabus\Desktop\project_mp\main.asm
                     loop   0x000022    program     static C:\Users\mabus\Desktop\project_mp\main.asm


